127.0.0.1 - - [21/Apr/2016:08:02:27 +0200] "GET / HTTP/1.1" 404 951
0:0:0:0:0:0:0:1 - - [21/Apr/2016:08:02:30 +0200] "GET /FCISquareApp/app/Login HTTP/1.1" 404 967
0:0:0:0:0:0:0:1 - - [21/Apr/2016:08:02:31 +0200] "GET /favicon.ico HTTP/1.1" 404 973
0:0:0:0:0:0:0:1 - - [21/Apr/2016:08:02:41 +0200] "GET /FCISquareApp/app/Login HTTP/1.1" 404 967
0:0:0:0:0:0:0:1 - - [21/Apr/2016:08:05:57 +0200] "GET /FCISquareApp/app/Login HTTP/1.1" 404 967
0:0:0:0:0:0:0:1 - - [21/Apr/2016:08:05:58 +0200] "GET /FCISquareApp/app/Login HTTP/1.1" 404 967
0:0:0:0:0:0:0:1 - - [21/Apr/2016:08:05:58 +0200] "GET /FCISquareApp/app/Login HTTP/1.1" 404 967
0:0:0:0:0:0:0:1 - - [21/Apr/2016:08:05:59 +0200] "GET /FCISquareApp/app/Login HTTP/1.1" 404 967
0:0:0:0:0:0:0:1 - - [21/Apr/2016:08:06:00 +0200] "GET /FCISquareApp/app/Login HTTP/1.1" 404 967
0:0:0:0:0:0:0:1 - - [21/Apr/2016:08:06:00 +0200] "GET /FCISquareApp/app/Login HTTP/1.1" 404 967
0:0:0:0:0:0:0:1 - - [21/Apr/2016:08:06:01 +0200] "GET /FCISquareApp/app/Login HTTP/1.1" 404 967
0:0:0:0:0:0:0:1 - - [21/Apr/2016:08:06:01 +0200] "GET /FCISquareApp/app/Login HTTP/1.1" 404 967
0:0:0:0:0:0:0:1 - - [21/Apr/2016:08:07:57 +0200] "GET /FCISquareApp/app/Login HTTP/1.1" 404 967
0:0:0:0:0:0:0:1 - - [21/Apr/2016:08:07:57 +0200] "GET /FCISquareApp/app/Login HTTP/1.1" 404 967
0:0:0:0:0:0:0:1 - - [21/Apr/2016:08:08:37 +0200] "GET /FCISquareApp/app/Login HTTP/1.1" 404 967
0:0:0:0:0:0:0:1 - - [21/Apr/2016:08:08:37 +0200] "GET /FCISquareApp/app/Login HTTP/1.1" 404 967
0:0:0:0:0:0:0:1 - - [21/Apr/2016:08:09:21 +0200] "GET /FCISquareApp/app/Login HTTP/1.1" 404 967
0:0:0:0:0:0:0:1 - - [21/Apr/2016:08:09:22 +0200] "GET /FCISquareApp/app/Login HTTP/1.1" 404 967
0:0:0:0:0:0:0:1 - - [21/Apr/2016:08:09:23 +0200] "GET /FCISquareApp/app/Login HTTP/1.1" 404 967
0:0:0:0:0:0:0:1 - - [21/Apr/2016:08:09:23 +0200] "GET /FCISquareApp/app/Login HTTP/1.1" 404 967
0:0:0:0:0:0:0:1 - - [21/Apr/2016:08:09:24 +0200] "GET /FCISquareApp/app/Login HTTP/1.1" 404 967
0:0:0:0:0:0:0:1 - - [21/Apr/2016:08:09:25 +0200] "GET /FCISquareApp/app/Login HTTP/1.1" 404 967
0:0:0:0:0:0:0:1 - - [21/Apr/2016:08:09:25 +0200] "GET /FCISquareApp/app/Login HTTP/1.1" 404 967
0:0:0:0:0:0:0:1 - - [21/Apr/2016:08:09:25 +0200] "GET /FCISquareApp/app/Login HTTP/1.1" 404 967
0:0:0:0:0:0:0:1 - - [21/Apr/2016:08:09:26 +0200] "GET /FCISquareApp/app/Login HTTP/1.1" 404 967
0:0:0:0:0:0:0:1 - - [21/Apr/2016:08:09:27 +0200] "GET /FCISquareApp/app/Login HTTP/1.1" 404 967
0:0:0:0:0:0:0:1 - - [21/Apr/2016:08:09:28 +0200] "GET /FCISquareApp/app/Login HTTP/1.1" 404 967
0:0:0:0:0:0:0:1 - - [21/Apr/2016:08:09:28 +0200] "GET /FCISquareApp/app/Login HTTP/1.1" 404 967
0:0:0:0:0:0:0:1 - - [21/Apr/2016:08:09:29 +0200] "GET /FCISquareApp/app/Login HTTP/1.1" 404 967
0:0:0:0:0:0:0:1 - - [21/Apr/2016:08:09:29 +0200] "GET /FCISquareApp/app/Login HTTP/1.1" 404 967
0:0:0:0:0:0:0:1 - - [21/Apr/2016:08:09:29 +0200] "GET /FCISquareApp/app/Login HTTP/1.1" 404 967
0:0:0:0:0:0:0:1 - - [21/Apr/2016:08:09:30 +0200] "GET /FCISquareApp/app/Login HTTP/1.1" 404 967
0:0:0:0:0:0:0:1 - - [21/Apr/2016:08:09:30 +0200] "GET /FCISquareApp/app/Login HTTP/1.1" 404 967
0:0:0:0:0:0:0:1 - - [21/Apr/2016:08:09:30 +0200] "GET /FCISquareApp/app/Login HTTP/1.1" 404 967
0:0:0:0:0:0:0:1 - - [21/Apr/2016:08:09:38 +0200] "GET /FCISquareApp/app/signUp HTTP/1.1" 404 967
127.0.0.1 - - [21/Apr/2016:08:09:54 +0200] "GET / HTTP/1.1" 404 951
0:0:0:0:0:0:0:1 - - [21/Apr/2016:08:09:59 +0200] "GET /FCISquareApp/app/signUp HTTP/1.1" 200 509
0:0:0:0:0:0:0:1 - - [21/Apr/2016:08:10:06 +0200] "GET /FCISquareApp/app/Login HTTP/1.1" 200 467
127.0.0.1 - - [21/Apr/2016:08:10:08 +0200] "POST /FCISquare/rest/login HTTP/1.1" 200 103
0:0:0:0:0:0:0:1 - - [21/Apr/2016:08:10:09 +0200] "POST /FCISquareApp/app/doLogin HTTP/1.1" 200 1332
0:0:0:0:0:0:0:1 - - [21/Apr/2016:08:36:34 +0200] "POST /FCISquareApp/app/checkin HTTP/1.1" 404 967
127.0.0.1 - - [21/Apr/2016:08:36:38 +0200] "POST /FCISquare/rest/getfollowers HTTP/1.1" 200 -
0:0:0:0:0:0:0:1 - - [21/Apr/2016:08:36:38 +0200] "POST /FCISquareApp/app/doGetFollowers HTTP/1.1" 200 333
0:0:0:0:0:0:0:1 - - [21/Apr/2016:08:36:42 +0200] "POST /FCISquareApp/app/checkin HTTP/1.1" 404 967
0:0:0:0:0:0:0:1 - - [21/Apr/2016:08:40:19 +0200] "POST /FCISquareApp/app/checkin HTTP/1.1" 404 967
127.0.0.1 - - [21/Apr/2016:08:40:37 +0200] "GET / HTTP/1.1" 404 951
0:0:0:0:0:0:0:1 - - [21/Apr/2016:08:40:40 +0200] "POST /FCISquareApp/app/checkin HTTP/1.1" 404 967
127.0.0.1 - - [21/Apr/2016:09:03:16 +0200] "POST /FCISquare/rest/login HTTP/1.1" 200 103
0:0:0:0:0:0:0:1 - - [21/Apr/2016:09:03:16 +0200] "POST /FCISquareApp/app/doLogin HTTP/1.1" 200 1332
0:0:0:0:0:0:0:1 - - [21/Apr/2016:09:03:19 +0200] "GET /FCISquareApp/app/follow HTTP/1.1" 200 580
0:0:0:0:0:0:0:1 - - [21/Apr/2016:09:03:23 +0200] "GET /FCISquareApp/app/ HTTP/1.1" 200 553
0:0:0:0:0:0:0:1 - - [21/Apr/2016:09:03:25 +0200] "GET /FCISquareApp/app/Login HTTP/1.1" 200 467
127.0.0.1 - - [21/Apr/2016:09:03:28 +0200] "POST /FCISquare/rest/login HTTP/1.1" 200 103
0:0:0:0:0:0:0:1 - - [21/Apr/2016:09:03:28 +0200] "POST /FCISquareApp/app/doLogin HTTP/1.1" 200 1332
0:0:0:0:0:0:0:1 - - [21/Apr/2016:09:16:16 +0200] "POST /FCISquareApp/app/checkin HTTP/1.1" 404 967
0:0:0:0:0:0:0:1 - - [21/Apr/2016:09:16:33 +0200] "POST /FCISquareApp/app/checkin HTTP/1.1" 404 967
0:0:0:0:0:0:0:1 - - [21/Apr/2016:09:16:46 +0200] "POST /FCISquareApp/app/checkin HTTP/1.1" 404 967
0:0:0:0:0:0:0:1 - - [21/Apr/2016:09:16:49 +0200] "POST /FCISquareApp/app/checkin HTTP/1.1" 404 967
0:0:0:0:0:0:0:1 - - [21/Apr/2016:09:17:25 +0200] "POST /FCISquareApp/app/checkin HTTP/1.1" 404 967
0:0:0:0:0:0:0:1 - - [21/Apr/2016:09:17:28 +0200] "POST /FCISquareApp/app/checkin HTTP/1.1" 404 967
0:0:0:0:0:0:0:1 - - [21/Apr/2016:09:17:45 +0200] "POST /FCISquareApp/app/checkin HTTP/1.1" 404 967
0:0:0:0:0:0:0:1 - - [21/Apr/2016:10:55:01 +0200] "POST /FCISquareApp/app/checkin HTTP/1.1" 404 967
0:0:0:0:0:0:0:1 - - [21/Apr/2016:10:55:24 +0200] "POST /FCISquareApp/app/checkin HTTP/1.1" 404 967
0:0:0:0:0:0:0:1 - - [21/Apr/2016:10:58:14 +0200] "POST /FCISquareApp/app/checkin HTTP/1.1" 404 967
127.0.0.1 - - [21/Apr/2016:10:58:57 +0200] "GET / HTTP/1.1" 404 951
127.0.0.1 - - [21/Apr/2016:10:59:08 +0200] "POST /FCISquare/rest/login HTTP/1.1" 200 103
0:0:0:0:0:0:0:1 - - [21/Apr/2016:10:59:09 +0200] "POST /FCISquareApp/app/doLogin HTTP/1.1" 200 1329
0:0:0:0:0:0:0:1 - - [21/Apr/2016:10:59:10 +0200] "POST /FCISquareApp/app/checkin HTTP/1.1" 405 1013
0:0:0:0:0:0:0:1 - - [21/Apr/2016:10:59:20 +0200] "GET /FCISquareApp/app/checkin HTTP/1.1" 200 642
0:0:0:0:0:0:0:1 - - [21/Apr/2016:11:07:26 +0200] "GET /FCISquareApp/app/follow HTTP/1.1" 200 580
0:0:0:0:0:0:0:1 - - [21/Apr/2016:11:08:54 +0200] "POST /FCISquareApp/app/checkin HTTP/1.1" 405 1013
0:0:0:0:0:0:0:1 - - [21/Apr/2016:11:09:12 +0200] "POST /FCISquareApp/app/checkin HTTP/1.1" 405 1013
127.0.0.1 - - [21/Apr/2016:11:10:48 +0200] "GET / HTTP/1.1" 404 951
127.0.0.1 - - [21/Apr/2016:11:10:52 +0200] "POST /FCISquare/rest/login HTTP/1.1" 200 103
0:0:0:0:0:0:0:1 - - [21/Apr/2016:11:10:53 +0200] "POST /FCISquareApp/app/doLogin HTTP/1.1" 200 1292
0:0:0:0:0:0:0:1 - - [21/Apr/2016:11:10:56 +0200] "GET /FCISquareApp/app/checkin HTTP/1.1" 200 629
127.0.0.1 - - [21/Apr/2016:11:11:19 +0200] "POST /FCISquare/rest/login HTTP/1.1" 200 103
0:0:0:0:0:0:0:1 - - [21/Apr/2016:11:11:19 +0200] "POST /FCISquareApp/app/doLogin HTTP/1.1" 200 1292
127.0.0.1 - - [21/Apr/2016:11:13:34 +0200] "POST /FCISquare/rest/login HTTP/1.1" 200 103
0:0:0:0:0:0:0:1 - - [21/Apr/2016:11:13:34 +0200] "POST /FCISquareApp/app/doLogin HTTP/1.1" 200 1304
0:0:0:0:0:0:0:1 - - [21/Apr/2016:11:13:36 +0200] "GET /FCISquareApp/app/checkinClass/checkin HTTP/1.1" 200 629
127.0.0.1 - - [21/Apr/2016:11:13:47 +0200] "POST /FCISquare/rest/login HTTP/1.1" 200 103
0:0:0:0:0:0:0:1 - - [21/Apr/2016:11:13:48 +0200] "POST /FCISquareApp/app/doLogin HTTP/1.1" 200 1291
0:0:0:0:0:0:0:1 - - [21/Apr/2016:11:13:49 +0200] "GET /FCISquareApp/app/checkin HTTP/1.1" 200 629
127.0.0.1 - - [21/Apr/2016:11:14:03 +0200] "GET / HTTP/1.1" 404 951
127.0.0.1 - - [21/Apr/2016:11:14:09 +0200] "POST /FCISquare/rest/login HTTP/1.1" 200 103
0:0:0:0:0:0:0:1 - - [21/Apr/2016:11:14:09 +0200] "POST /FCISquareApp/app/doLogin HTTP/1.1" 200 1291
0:0:0:0:0:0:0:1 - - [21/Apr/2016:11:14:11 +0200] "GET /FCISquareApp/app/checkin HTTP/1.1" 200 629
127.0.0.1 - - [21/Apr/2016:11:15:38 +0200] "GET / HTTP/1.1" 404 951
0:0:0:0:0:0:0:1 - - [21/Apr/2016:11:15:38 +0200] "GET /FCISquareApp/app/checkin HTTP/1.1" 404 967
0:0:0:0:0:0:0:1 - - [21/Apr/2016:11:15:45 +0200] "GET /FCISquareApp/app/checkin HTTP/1.1" 404 967
127.0.0.1 - - [21/Apr/2016:12:36:31 +0200] "GET / HTTP/1.1" 404 951
127.0.0.1 - - [21/Apr/2016:12:36:36 +0200] "POST /FCISquare/rest/login HTTP/1.1" 200 103
0:0:0:0:0:0:0:1 - - [21/Apr/2016:12:36:36 +0200] "POST /FCISquareApp/app/doLogin HTTP/1.1" 200 1291
0:0:0:0:0:0:0:1 - - [21/Apr/2016:12:36:39 +0200] "GET /FCISquareApp/app/checkin HTTP/1.1" 404 967
0:0:0:0:0:0:0:1 - - [21/Apr/2016:12:37:05 +0200] "GET /FCISquareApp/app/checkin HTTP/1.1" 404 967
127.0.0.1 - - [21/Apr/2016:12:37:33 +0200] "POST /FCISquare/rest/login HTTP/1.1" 200 103
0:0:0:0:0:0:0:1 - - [21/Apr/2016:12:37:34 +0200] "POST /FCISquareApp/app/doLogin HTTP/1.1" 200 1310
0:0:0:0:0:0:0:1 - - [21/Apr/2016:12:37:36 +0200] "GET /FCISquareApp/app/Check_inController/checkin HTTP/1.1" 404 967
0:0:0:0:0:0:0:1 - - [21/Apr/2016:12:38:09 +0200] "GET /FCISquareApp/app/Check_inController/checkin HTTP/1.1" 404 967
127.0.0.1 - - [21/Apr/2016:12:38:16 +0200] "POST /FCISquare/rest/login HTTP/1.1" 200 103
0:0:0:0:0:0:0:1 - - [21/Apr/2016:12:38:16 +0200] "POST /FCISquareApp/app/doLogin HTTP/1.1" 200 1291
0:0:0:0:0:0:0:1 - - [21/Apr/2016:12:38:18 +0200] "GET /FCISquareApp/app/checkin HTTP/1.1" 200 629
127.0.0.1 - - [21/Apr/2016:12:39:55 +0200] "GET / HTTP/1.1" 404 951
127.0.0.1 - - [21/Apr/2016:12:39:59 +0200] "POST /FCISquare/rest/login HTTP/1.1" 200 103
0:0:0:0:0:0:0:1 - - [21/Apr/2016:12:40:00 +0200] "POST /FCISquareApp/app/doLogin HTTP/1.1" 200 1304
0:0:0:0:0:0:0:1 - - [21/Apr/2016:12:40:01 +0200] "GET /FCISquareApp/app/checkinClass/checkin HTTP/1.1" 200 629
0:0:0:0:0:0:0:1 - - [21/Apr/2016:12:43:02 +0200] "GET /FCISquareApp/app/checkinClass/checkin HTTP/1.1" 200 629
0:0:0:0:0:0:0:1 - - [21/Apr/2016:12:43:07 +0200] "GET /FCISquareApp/app/checkinClass/checkin HTTP/1.1" 200 629
0:0:0:0:0:0:0:1 - - [21/Apr/2016:12:43:09 +0200] "GET /FCISquareApp/app/checkinClass/checkin HTTP/1.1" 200 629
0:0:0:0:0:0:0:1 - - [21/Apr/2016:12:43:11 +0200] "GET /FCISquareApp/app/checkinClass/checkin HTTP/1.1" 200 629
0:0:0:0:0:0:0:1 - - [21/Apr/2016:12:43:14 +0200] "GET /FCISquareApp/app/checkinClass/checkin HTTP/1.1" 200 629
0:0:0:0:0:0:0:1 - - [21/Apr/2016:12:43:36 +0200] "GET /FCISquareApp/app/checkinClass/checkin HTTP/1.1" 200 625
0:0:0:0:0:0:0:1 - - [21/Apr/2016:12:44:58 +0200] "GET /FCISquareApp/app/checkinClass/checkin HTTP/1.1" 200 635
0:0:0:0:0:0:0:1 - - [21/Apr/2016:12:45:01 +0200] "GET /FCISquareApp/app/checkinClass/checkin HTTP/1.1" 200 635
0:0:0:0:0:0:0:1 - - [21/Apr/2016:12:45:39 +0200] "GET /FCISquareApp/app/checkinClass/checkin HTTP/1.1" 200 640
0:0:0:0:0:0:0:1 - - [21/Apr/2016:12:45:47 +0200] "GET /FCISquareApp/app/checkinClass/checkin HTTP/1.1" 200 634
0:0:0:0:0:0:0:1 - - [21/Apr/2016:12:46:31 +0200] "GET /FCISquareApp/app/checkinClass/checkin HTTP/1.1" 200 625
0:0:0:0:0:0:0:1 - - [21/Apr/2016:12:54:57 +0200] "GET /FCISquareApp/app/checkinClass/checkin HTTP/1.1" 200 640
0:0:0:0:0:0:0:1 - - [21/Apr/2016:12:55:11 +0200] "GET /FCISquareApp/app/checkinClass/checkin HTTP/1.1" 200 653
127.0.0.1 - - [21/Apr/2016:12:59:46 +0200] "POST /FCISquare/rest/checkin HTTP/1.1" 500 4324
0:0:0:0:0:0:0:1 - - [21/Apr/2016:12:59:46 +0200] "POST /FCISquareApp/app/checkinClass/docheckin HTTP/1.1" 500 4225
0:0:0:0:0:0:0:1 - - [21/Apr/2016:12:59:51 +0200] "GET /FCISquareApp/app/checkinClass/checkin HTTP/1.1" 200 640
0:0:0:0:0:0:0:1 - - [21/Apr/2016:12:59:54 +0200] "GET /FCISquareApp/app/checkinClass/checkin HTTP/1.1" 200 640
0:0:0:0:0:0:0:1 - - [21/Apr/2016:12:59:54 +0200] "GET /FCISquareApp/app/checkinClass/checkin HTTP/1.1" 200 640
0:0:0:0:0:0:0:1 - - [21/Apr/2016:13:00:00 +0200] "GET /FCISquareApp/app/home.jsp HTTP/1.1" 404 967
0:0:0:0:0:0:0:1 - - [21/Apr/2016:13:38:23 +0200] "GET /FCISquareApp/app/home.jsp HTTP/1.1" 404 967
127.0.0.1 - - [21/Apr/2016:13:38:27 +0200] "POST /FCISquare/rest/login HTTP/1.1" 200 103
0:0:0:0:0:0:0:1 - - [21/Apr/2016:13:38:27 +0200] "POST /FCISquareApp/app/doLogin HTTP/1.1" 200 1432
0:0:0:0:0:0:0:1 - - [21/Apr/2016:13:59:18 +0200] "GET /FCISquareApp/app/Login HTTP/1.1" 200 467
127.0.0.1 - - [21/Apr/2016:13:59:23 +0200] "POST /FCISquare/rest/login HTTP/1.1" 200 103
0:0:0:0:0:0:0:1 - - [21/Apr/2016:13:59:23 +0200] "POST /FCISquareApp/app/doLogin HTTP/1.1" 200 1432
0:0:0:0:0:0:0:1 - - [21/Apr/2016:13:59:25 +0200] "GET /FCISquareApp/app/checkinClass/checkin HTTP/1.1" 200 641
0:0:0:0:0:0:0:1 - - [21/Apr/2016:14:09:24 +0200] "GET /FCISquareApp/app/checkinClass/checkin HTTP/1.1" 200 641
0:0:0:0:0:0:0:1 - - [21/Apr/2016:14:09:27 +0200] "GET /FCISquareApp/app/checkinClass/checkin HTTP/1.1" 200 641
0:0:0:0:0:0:0:1 - - [21/Apr/2016:14:11:46 +0200] "GET /FCISquareApp/app/checkinClass/checkin HTTP/1.1" 200 656
0:0:0:0:0:0:0:1 - - [21/Apr/2016:14:12:51 +0200] "GET /FCISquareApp/app/ HTTP/1.1" 200 553
0:0:0:0:0:0:0:1 - - [21/Apr/2016:14:12:55 +0200] "GET /FCISquareApp/app/Login HTTP/1.1" 200 467
127.0.0.1 - - [21/Apr/2016:14:12:56 +0200] "POST /FCISquare/rest/login HTTP/1.1" 200 103
0:0:0:0:0:0:0:1 - - [21/Apr/2016:14:12:56 +0200] "POST /FCISquareApp/app/doLogin HTTP/1.1" 200 1432
0:0:0:0:0:0:0:1 - - [21/Apr/2016:14:12:57 +0200] "GET /FCISquareApp/app/checkinClass/checkin HTTP/1.1" 200 636
0:0:0:0:0:0:0:1 - - [21/Apr/2016:14:12:58 +0200] "GET /FCISquareApp/app/home.jsp HTTP/1.1" 404 967
127.0.0.1 - - [21/Apr/2016:14:14:41 +0200] "GET / HTTP/1.1" 404 951
0:0:0:0:0:0:0:1 - - [21/Apr/2016:14:14:41 +0200] "GET /FCISquareApp/app/checkinClass/checkin HTTP/1.1" 404 967
0:0:0:0:0:0:0:1 - - [21/Apr/2016:14:14:47 +0200] "GET /FCISquareApp/app/checkinClass/checkin HTTP/1.1" 404 967
0:0:0:0:0:0:0:1 - - [21/Apr/2016:14:16:06 +0200] "GET /FCISquareApp/app/checkinClass/checkin HTTP/1.1" 200 636
0:0:0:0:0:0:0:1 - - [21/Apr/2016:14:17:30 +0200] "GET /FCISquareApp/app/checkinClass/checkin HTTP/1.1" 200 647
0:0:0:0:0:0:0:1 - - [21/Apr/2016:14:17:39 +0200] "GET /FCISquareApp/app/checkinClass/checkin HTTP/1.1" 200 653
0:0:0:0:0:0:0:1 - - [21/Apr/2016:14:17:59 +0200] "GET /FCISquareApp/app/checkinClass/checkin HTTP/1.1" 200 635
127.0.0.1 - - [21/Apr/2016:14:30:47 +0200] "GET / HTTP/1.1" 404 951
127.0.0.1 - - [21/Apr/2016:14:30:56 +0200] "GET / HTTP/1.1" 404 951
0:0:0:0:0:0:0:1 - - [21/Apr/2016:14:31:19 +0200] "POST /FCISquare/rest/like_checkin HTTP/1.1" 500 4145
0:0:0:0:0:0:0:1 - - [21/Apr/2016:14:31:27 +0200] "POST /FCISquare/rest/checkin HTTP/1.1" 200 99
0:0:0:0:0:0:0:1 - - [21/Apr/2016:14:34:28 +0200] "POST /FCISquare/rest/checkin HTTP/1.1" 200 100
127.0.0.1 - - [21/Apr/2016:14:38:13 +0200] "POST /FCISquare/rest/login HTTP/1.1" 200 103
0:0:0:0:0:0:0:1 - - [21/Apr/2016:14:38:14 +0200] "POST /FCISquareApp/app/doLogin HTTP/1.1" 200 1432
0:0:0:0:0:0:0:1 - - [21/Apr/2016:14:38:17 +0200] "GET /FCISquareApp/app/checkinClass/checkin HTTP/1.1" 200 637
127.0.0.1 - - [21/Apr/2016:14:38:42 +0200] "POST /FCISquare/rest/checkin HTTP/1.1" 500 4324
0:0:0:0:0:0:0:1 - - [21/Apr/2016:14:38:42 +0200] "POST /FCISquareApp/app/checkinClass/docheckin HTTP/1.1" 500 4225
0:0:0:0:0:0:0:1 - - [21/Apr/2016:14:43:49 +0200] "GET /FCISquareApp/app/checkinClass/checkin HTTP/1.1" 200 651
0:0:0:0:0:0:0:1 - - [21/Apr/2016:14:46:28 +0200] "POST /FCISquare/rest/checkin HTTP/1.1" 200 107
0:0:0:0:0:0:0:1 - - [21/Apr/2016:14:46:42 +0200] "GET /FCISquareApp/app/checkinClass/checkin HTTP/1.1" 200 634
127.0.0.1 - - [21/Apr/2016:14:47:00 +0200] "POST /FCISquare/rest/checkin HTTP/1.1" 500 4024
0:0:0:0:0:0:0:1 - - [21/Apr/2016:14:47:00 +0200] "POST /FCISquareApp/app/checkinClass/docheckin HTTP/1.1" 500 4225
127.0.0.1 - - [21/Apr/2016:14:47:38 +0200] "GET / HTTP/1.1" 404 951
127.0.0.1 - - [21/Apr/2016:14:48:19 +0200] "POST /FCISquare/rest/checkin HTTP/1.1" 500 4024
0:0:0:0:0:0:0:1 - - [21/Apr/2016:14:48:19 +0200] "POST /FCISquareApp/app/checkinClass/docheckin HTTP/1.1" 500 4225
127.0.0.1 - - [21/Apr/2016:14:48:25 +0200] "POST /FCISquare/rest/checkin HTTP/1.1" 500 4024
0:0:0:0:0:0:0:1 - - [21/Apr/2016:14:48:25 +0200] "POST /FCISquareApp/app/checkinClass/docheckin HTTP/1.1" 500 4225
0:0:0:0:0:0:0:1 - - [21/Apr/2016:14:48:30 +0200] "GET /FCISquareApp/app/checkinClass/checkin HTTP/1.1" 200 634
127.0.0.1 - - [21/Apr/2016:14:48:36 +0200] "POST /FCISquare/rest/checkin HTTP/1.1" 500 4024
0:0:0:0:0:0:0:1 - - [21/Apr/2016:14:48:36 +0200] "POST /FCISquareApp/app/checkinClass/docheckin HTTP/1.1" 500 4225
127.0.0.1 - - [21/Apr/2016:14:49:07 +0200] "POST /FCISquare/rest/checkin HTTP/1.1" 500 4024
0:0:0:0:0:0:0:1 - - [21/Apr/2016:14:49:07 +0200] "POST /FCISquareApp/app/checkinClass/docheckin HTTP/1.1" 500 4225
127.0.0.1 - - [21/Apr/2016:14:49:09 +0200] "POST /FCISquare/rest/checkin HTTP/1.1" 500 4024
0:0:0:0:0:0:0:1 - - [21/Apr/2016:14:49:09 +0200] "POST /FCISquareApp/app/checkinClass/docheckin HTTP/1.1" 500 4225
127.0.0.1 - - [21/Apr/2016:14:49:23 +0200] "GET / HTTP/1.1" 404 951
127.0.0.1 - - [21/Apr/2016:14:49:27 +0200] "POST /FCISquare/rest/checkin HTTP/1.1" 500 4024
0:0:0:0:0:0:0:1 - - [21/Apr/2016:14:49:27 +0200] "POST /FCISquareApp/app/checkinClass/docheckin HTTP/1.1" 500 4225
0:0:0:0:0:0:0:1 - - [21/Apr/2016:14:49:39 +0200] "GET /FCISquareApp/app/follow HTTP/1.1" 200 580
0:0:0:0:0:0:0:1 - - [21/Apr/2016:14:49:46 +0200] "GET /FCISquareApp/app/unfollow HTTP/1.1" 200 535
0:0:0:0:0:0:0:1 - - [21/Apr/2016:14:49:52 +0200] "GET /FCISquareApp/app/placeclass/addplace HTTP/1.1" 404 967
0:0:0:0:0:0:0:1 - - [21/Apr/2016:14:49:56 +0200] "GET /FCISquareApp/app/follow HTTP/1.1" 200 580
127.0.0.1 - - [21/Apr/2016:14:51:30 +0200] "GET / HTTP/1.1" 404 951
0:0:0:0:0:0:0:1 - - [21/Apr/2016:14:51:35 +0200] "GET /FCISquareApp/app/checkinClass/checkin HTTP/1.1" 200 653
127.0.0.1 - - [21/Apr/2016:14:51:38 +0200] "POST /FCISquare/rest/checkin HTTP/1.1" 200 2
0:0:0:0:0:0:0:1 - - [21/Apr/2016:14:51:38 +0200] "POST /FCISquareApp/app/checkinClass/docheckin HTTP/1.1" 204 -
127.0.0.1 - - [21/Apr/2016:14:51:43 +0200] "POST /FCISquare/rest/checkin HTTP/1.1" 500 4024
0:0:0:0:0:0:0:1 - - [21/Apr/2016:14:51:43 +0200] "POST /FCISquareApp/app/checkinClass/docheckin HTTP/1.1" 500 4225
127.0.0.1 - - [21/Apr/2016:14:54:58 +0200] "POST /FCISquare/rest/checkin HTTP/1.1" 500 4024
0:0:0:0:0:0:0:1 - - [21/Apr/2016:14:54:58 +0200] "POST /FCISquareApp/app/checkinClass/docheckin HTTP/1.1" 500 4225
127.0.0.1 - - [21/Apr/2016:14:55:14 +0200] "GET / HTTP/1.1" 404 951
127.0.0.1 - - [21/Apr/2016:14:55:25 +0200] "GET / HTTP/1.1" 404 951
127.0.0.1 - - [21/Apr/2016:14:55:35 +0200] "GET / HTTP/1.1" 404 951
0:0:0:0:0:0:0:1 - - [21/Apr/2016:14:55:43 +0200] "GET /FCISquareApp/app/checkinClass/checkin HTTP/1.1" 200 653
127.0.0.1 - - [21/Apr/2016:14:55:49 +0200] "POST /FCISquare/rest/checkin HTTP/1.1" 200 102
0:0:0:0:0:0:0:1 - - [21/Apr/2016:14:55:49 +0200] "POST /FCISquareApp/app/checkinClass/docheckin HTTP/1.1" 500 8018
127.0.0.1 - - [21/Apr/2016:14:55:56 +0200] "POST /FCISquare/rest/checkin HTTP/1.1" 200 102
0:0:0:0:0:0:0:1 - - [21/Apr/2016:14:55:56 +0200] "POST /FCISquareApp/app/checkinClass/docheckin HTTP/1.1" 500 8018
127.0.0.1 - - [21/Apr/2016:14:56:50 +0200] "POST /FCISquare/rest/checkin HTTP/1.1" 200 102
0:0:0:0:0:0:0:1 - - [21/Apr/2016:14:56:50 +0200] "POST /FCISquareApp/app/checkinClass/docheckin HTTP/1.1" 500 8018
127.0.0.1 - - [21/Apr/2016:14:57:03 +0200] "POST /FCISquare/rest/checkin HTTP/1.1" 200 102
0:0:0:0:0:0:0:1 - - [21/Apr/2016:14:57:03 +0200] "POST /FCISquareApp/app/checkinClass/docheckin HTTP/1.1" 500 8018
127.0.0.1 - - [21/Apr/2016:14:58:07 +0200] "POST /FCISquare/rest/checkin HTTP/1.1" 200 102
0:0:0:0:0:0:0:1 - - [21/Apr/2016:14:58:07 +0200] "POST /FCISquareApp/app/checkinClass/docheckin HTTP/1.1" 500 8018
127.0.0.1 - - [21/Apr/2016:14:59:44 +0200] "POST /FCISquare/rest/checkin HTTP/1.1" 200 102
0:0:0:0:0:0:0:1 - - [21/Apr/2016:14:59:44 +0200] "POST /FCISquareApp/app/checkinClass/docheckin HTTP/1.1" 200 1432
0:0:0:0:0:0:0:1 - - [21/Apr/2016:15:00:01 +0200] "GET /FCISquareApp/app/checkinClass/checkin HTTP/1.1" 200 653
127.0.0.1 - - [21/Apr/2016:15:00:16 +0200] "POST /FCISquare/rest/checkin HTTP/1.1" 200 102
0:0:0:0:0:0:0:1 - - [21/Apr/2016:15:00:16 +0200] "POST /FCISquareApp/app/checkinClass/docheckin HTTP/1.1" 404 967
127.0.0.1 - - [21/Apr/2016:15:00:57 +0200] "POST /FCISquare/rest/checkin HTTP/1.1" 200 102
0:0:0:0:0:0:0:1 - - [21/Apr/2016:15:00:57 +0200] "POST /FCISquareApp/app/checkinClass/docheckin HTTP/1.1" 404 967
127.0.0.1 - - [21/Apr/2016:15:01:15 +0200] "POST /FCISquare/rest/checkin HTTP/1.1" 200 102
0:0:0:0:0:0:0:1 - - [21/Apr/2016:15:01:15 +0200] "POST /FCISquareApp/app/checkinClass/docheckin HTTP/1.1" 404 967
127.0.0.1 - - [21/Apr/2016:15:01:34 +0200] "POST /FCISquare/rest/checkin HTTP/1.1" 200 102
0:0:0:0:0:0:0:1 - - [21/Apr/2016:15:01:34 +0200] "POST /FCISquareApp/app/checkinClass/docheckin HTTP/1.1" 404 967
127.0.0.1 - - [21/Apr/2016:15:01:43 +0200] "POST /FCISquare/rest/checkin HTTP/1.1" 200 102
0:0:0:0:0:0:0:1 - - [21/Apr/2016:15:01:43 +0200] "POST /FCISquareApp/app/checkinClass/docheckin HTTP/1.1" 404 967
127.0.0.1 - - [21/Apr/2016:15:02:29 +0200] "POST /FCISquare/rest/checkin HTTP/1.1" 200 102
0:0:0:0:0:0:0:1 - - [21/Apr/2016:15:02:29 +0200] "POST /FCISquareApp/app/checkinClass/docheckin HTTP/1.1" 200 653
127.0.0.1 - - [21/Apr/2016:15:03:16 +0200] "POST /FCISquare/rest/checkin HTTP/1.1" 200 103
0:0:0:0:0:0:0:1 - - [21/Apr/2016:15:03:16 +0200] "POST /FCISquareApp/app/checkinClass/docheckin HTTP/1.1" 500 8018
0:0:0:0:0:0:0:1 - - [21/Apr/2016:15:06:45 +0200] "POST /FCISquareApp/app/checkinClass/docheckin HTTP/1.1" 500 5937
127.0.0.1 - - [21/Apr/2016:15:07:04 +0200] "POST /FCISquare/rest/checkin HTTP/1.1" 200 103
0:0:0:0:0:0:0:1 - - [21/Apr/2016:15:07:04 +0200] "POST /FCISquareApp/app/checkinClass/docheckin HTTP/1.1" 200 653
127.0.0.1 - - [21/Apr/2016:15:08:43 +0200] "POST /FCISquare/rest/checkin HTTP/1.1" 200 102
0:0:0:0:0:0:0:1 - - [21/Apr/2016:15:08:43 +0200] "POST /FCISquareApp/app/checkinClass/docheckin HTTP/1.1" 200 755
127.0.0.1 - - [21/Apr/2016:15:09:08 +0200] "POST /FCISquare/rest/checkin HTTP/1.1" 200 18
0:0:0:0:0:0:0:1 - - [21/Apr/2016:15:09:08 +0200] "POST /FCISquareApp/app/checkinClass/docheckin HTTP/1.1" 204 -
127.0.0.1 - - [21/Apr/2016:15:09:30 +0200] "GET / HTTP/1.1" 404 951
127.0.0.1 - - [21/Apr/2016:15:09:40 +0200] "GET / HTTP/1.1" 404 951
127.0.0.1 - - [21/Apr/2016:15:10:04 +0200] "POST /FCISquare/rest/checkin HTTP/1.1" 200 18
0:0:0:0:0:0:0:1 - - [21/Apr/2016:15:10:04 +0200] "POST /FCISquareApp/app/checkinClass/docheckin HTTP/1.1" 204 -
0:0:0:0:0:0:0:1 - - [21/Apr/2016:15:12:22 +0200] "GET /FCISquareApp/app/checkinClass/checkin HTTP/1.1" 200 653
0:0:0:0:0:0:0:1 - - [21/Apr/2016:15:12:24 +0200] "GET /FCISquareApp/app/home.jsp HTTP/1.1" 404 967
0:0:0:0:0:0:0:1 - - [21/Apr/2016:15:12:57 +0200] "GET /FCISquareApp/app/Login HTTP/1.1" 200 467
127.0.0.1 - - [21/Apr/2016:15:13:17 +0200] "POST /FCISquare/rest/checkin HTTP/1.1" 200 102
0:0:0:0:0:0:0:1 - - [21/Apr/2016:15:13:17 +0200] "POST /FCISquareApp/app/checkinClass/docheckin HTTP/1.1" 200 653
0:0:0:0:0:0:0:1 - - [21/Apr/2016:15:13:22 +0200] "GET /FCISquareApp/app/Login HTTP/1.1" 200 467
127.0.0.1 - - [21/Apr/2016:15:13:31 +0200] "POST /FCISquare/rest/login HTTP/1.1" 200 103
0:0:0:0:0:0:0:1 - - [21/Apr/2016:15:13:31 +0200] "POST /FCISquareApp/app/doLogin HTTP/1.1" 200 1432
0:0:0:0:0:0:0:1 - - [21/Apr/2016:15:27:05 +0200] "POST /FCISquare/rest/addnewplace HTTP/1.1" 500 4028
0:0:0:0:0:0:0:1 - - [21/Apr/2016:15:27:09 +0200] "POST /FCISquare/rest/addnewplace HTTP/1.1" 500 4028
0:0:0:0:0:0:0:1 - - [21/Apr/2016:15:27:28 +0200] "POST /FCISquare/rest/addnewplace HTTP/1.1" 500 4028
127.0.0.1 - - [21/Apr/2016:15:27:44 +0200] "GET / HTTP/1.1" 404 951
0:0:0:0:0:0:0:1 - - [21/Apr/2016:15:28:53 +0200] "POST /FCISquare/rest/addnewplace HTTP/1.1" 500 4028
0:0:0:0:0:0:0:1 - - [21/Apr/2016:15:29:51 +0200] "POST /FCISquare/rest/addnewplace HTTP/1.1" 500 4028
127.0.0.1 - - [21/Apr/2016:15:30:22 +0200] "GET / HTTP/1.1" 404 951
0:0:0:0:0:0:0:1 - - [21/Apr/2016:15:30:34 +0200] "POST /FCISquare/rest/addnewplace HTTP/1.1" 500 4028
127.0.0.1 - - [21/Apr/2016:15:32:38 +0200] "GET / HTTP/1.1" 404 951
0:0:0:0:0:0:0:1 - - [21/Apr/2016:15:32:43 +0200] "POST /FCISquare/rest/addnewplace HTTP/1.1" 200 57
127.0.0.1 - - [21/Apr/2016:15:32:54 +0200] "POST /FCISquare/rest/login HTTP/1.1" 200 103
0:0:0:0:0:0:0:1 - - [21/Apr/2016:15:32:55 +0200] "POST /FCISquareApp/app/doLogin HTTP/1.1" 200 1456
0:0:0:0:0:0:0:1 - - [21/Apr/2016:15:32:57 +0200] "GET /FCISquareApp/app/placeclass/addnewplace HTTP/1.1" 200 612
127.0.0.1 - - [21/Apr/2016:15:33:01 +0200] "POST /FCISquare/rest/addnewplace HTTP/1.1" 200 50
0:0:0:0:0:0:0:1 - - [21/Apr/2016:15:33:01 +0200] "POST /FCISquareApp/app/placeclass/doAddNewPlace HTTP/1.1" 200 1456
0:0:0:0:0:0:0:1 - - [21/Apr/2016:15:33:03 +0200] "GET /FCISquareApp/app/placeclass/addnewplace HTTP/1.1" 200 612
127.0.0.1 - - [21/Apr/2016:15:33:15 +0200] "POST /FCISquare/rest/addnewplace HTTP/1.1" 200 71
0:0:0:0:0:0:0:1 - - [21/Apr/2016:15:33:15 +0200] "POST /FCISquareApp/app/placeclass/doAddNewPlace HTTP/1.1" 200 1456
0:0:0:0:0:0:0:1 - - [21/Apr/2016:18:33:07 +0200] "POST /FCISquareApp/app/doLogin HTTP/1.1" 500 37002
0:0:0:0:0:0:0:1 - - [21/Apr/2016:18:33:12 +0200] "POST /FCISquareApp/app/doLogin HTTP/1.1" 500 36992
0:0:0:0:0:0:0:1 - - [21/Apr/2016:18:33:25 +0200] "POST /FCISquareApp/app/doLogin HTTP/1.1" 500 36994
0:0:0:0:0:0:0:1 - - [21/Apr/2016:18:33:29 +0200] "POST /FCISquareApp/app/doLogin HTTP/1.1" 500 36998
127.0.0.1 - - [21/Apr/2016:18:33:56 +0200] "GET / HTTP/1.1" 404 951
0:0:0:0:0:0:0:1 - - [21/Apr/2016:18:34:00 +0200] "POST /FCISquareApp/app/doLogin HTTP/1.1" 500 36988
0:0:0:0:0:0:0:1 - - [21/Apr/2016:18:36:43 +0200] "POST /FCISquareApp/app/doLogin HTTP/1.1" 500 18845
0:0:0:0:0:0:0:1 - - [21/Apr/2016:18:36:50 +0200] "GET /FCISquareApp/app/doLogin HTTP/1.1" 500 18845
127.0.0.1 - - [21/Apr/2016:18:37:13 +0200] "GET / HTTP/1.1" 404 951
0:0:0:0:0:0:0:1 - - [21/Apr/2016:18:37:22 +0200] "POST /FCISquareApp/app/doLogin HTTP/1.1" 500 18845
127.0.0.1 - - [21/Apr/2016:18:40:54 +0200] "POST /FCISquare/rest/login HTTP/1.1" 200 103
0:0:0:0:0:0:0:1 - - [21/Apr/2016:18:40:54 +0200] "POST /FCISquareApp/app/doLogin HTTP/1.1" 200 1456
127.0.0.1 - - [21/Apr/2016:18:41:24 +0200] "POST /FCISquare/rest/login HTTP/1.1" 200 103
0:0:0:0:0:0:0:1 - - [21/Apr/2016:18:41:25 +0200] "POST /FCISquareApp/app/doLogin HTTP/1.1" 200 1434
127.0.0.1 - - [21/Apr/2016:18:44:35 +0200] "POST /FCISquare/rest/login HTTP/1.1" 200 103
0:0:0:0:0:0:0:1 - - [21/Apr/2016:18:44:35 +0200] "POST /FCISquareApp/app/doLogin HTTP/1.1" 200 1207
127.0.0.1 - - [21/Apr/2016:18:45:28 +0200] "POST /FCISquare/rest/login HTTP/1.1" 200 103
0:0:0:0:0:0:0:1 - - [21/Apr/2016:18:45:28 +0200] "POST /FCISquareApp/app/doLogin HTTP/1.1" 200 1155
127.0.0.1 - - [21/Apr/2016:18:46:48 +0200] "POST /FCISquare/rest/login HTTP/1.1" 200 103
0:0:0:0:0:0:0:1 - - [21/Apr/2016:18:46:48 +0200] "POST /FCISquareApp/app/doLogin HTTP/1.1" 200 1086
127.0.0.1 - - [21/Apr/2016:18:47:26 +0200] "POST /FCISquare/rest/login HTTP/1.1" 200 103
0:0:0:0:0:0:0:1 - - [21/Apr/2016:18:47:26 +0200] "POST /FCISquareApp/app/doLogin HTTP/1.1" 200 1050
127.0.0.1 - - [21/Apr/2016:18:48:23 +0200] "POST /FCISquare/rest/login HTTP/1.1" 200 103
0:0:0:0:0:0:0:1 - - [21/Apr/2016:18:48:23 +0200] "POST /FCISquareApp/app/doLogin HTTP/1.1" 200 1060
127.0.0.1 - - [21/Apr/2016:18:48:42 +0200] "POST /FCISquare/rest/login HTTP/1.1" 200 103
0:0:0:0:0:0:0:1 - - [21/Apr/2016:18:48:42 +0200] "POST /FCISquareApp/app/doLogin HTTP/1.1" 200 1061
127.0.0.1 - - [21/Apr/2016:18:48:46 +0200] "POST /FCISquare/rest/getfollowers HTTP/1.1" 200 -
0:0:0:0:0:0:0:1 - - [21/Apr/2016:18:48:46 +0200] "POST /FCISquareApp/app/doGetFollowers HTTP/1.1" 200 333
127.0.0.1 - - [21/Apr/2016:18:49:06 +0200] "POST /FCISquare/rest/login HTTP/1.1" 200 103
0:0:0:0:0:0:0:1 - - [21/Apr/2016:18:49:06 +0200] "POST /FCISquareApp/app/doLogin HTTP/1.1" 200 1051
127.0.0.1 - - [21/Apr/2016:18:49:26 +0200] "POST /FCISquare/rest/login HTTP/1.1" 200 103
0:0:0:0:0:0:0:1 - - [21/Apr/2016:18:49:26 +0200] "POST /FCISquareApp/app/doLogin HTTP/1.1" 200 1044
127.0.0.1 - - [21/Apr/2016:18:49:29 +0200] "POST /FCISquare/rest/getfollowers HTTP/1.1" 200 -
0:0:0:0:0:0:0:1 - - [21/Apr/2016:18:49:29 +0200] "POST /FCISquareApp/app/doGetFollowers HTTP/1.1" 200 333
127.0.0.1 - - [21/Apr/2016:18:49:32 +0200] "POST /FCISquare/rest/getfollowers HTTP/1.1" 200 -
0:0:0:0:0:0:0:1 - - [21/Apr/2016:18:49:32 +0200] "POST /FCISquareApp/app/doGetFollowers HTTP/1.1" 200 333
127.0.0.1 - - [21/Apr/2016:18:50:21 +0200] "POST /FCISquare/rest/getfollowers HTTP/1.1" 200 -
0:0:0:0:0:0:0:1 - - [21/Apr/2016:18:50:21 +0200] "POST /FCISquareApp/app/doGetFollowers HTTP/1.1" 200 333
0:0:0:0:0:0:0:1 - - [21/Apr/2016:18:50:24 +0200] "GET /FCISquareApp/app/unfollow HTTP/1.1" 200 535
0:0:0:0:0:0:0:1 - - [21/Apr/2016:18:50:26 +0200] "GET /FCISquareApp/app/follow HTTP/1.1" 200 580
0:0:0:0:0:0:0:1 - - [21/Apr/2016:18:50:27 +0200] "GET /FCISquareApp/app/checkinClass/checkin HTTP/1.1" 200 653
0:0:0:0:0:0:0:1 - - [21/Apr/2016:18:50:29 +0200] "GET /FCISquareApp/app/placeclass/addnewplace HTTP/1.1" 200 612
0:0:0:0:0:0:0:1 - - [21/Apr/2016:18:50:31 +0200] "GET /FCISquareApp/app/ HTTP/1.1" 200 553
127.0.0.1 - - [21/Apr/2016:18:50:48 +0200] "POST /FCISquare/rest/login HTTP/1.1" 200 103
0:0:0:0:0:0:0:1 - - [21/Apr/2016:18:50:48 +0200] "POST /FCISquareApp/app/doLogin HTTP/1.1" 200 1041
127.0.0.1 - - [21/Apr/2016:18:51:20 +0200] "POST /FCISquare/rest/login HTTP/1.1" 200 103
0:0:0:0:0:0:0:1 - - [21/Apr/2016:18:51:20 +0200] "POST /FCISquareApp/app/doLogin HTTP/1.1" 200 1044
127.0.0.1 - - [21/Apr/2016:18:51:48 +0200] "POST /FCISquare/rest/login HTTP/1.1" 200 103
0:0:0:0:0:0:0:1 - - [21/Apr/2016:18:51:48 +0200] "POST /FCISquareApp/app/doLogin HTTP/1.1" 200 1048
127.0.0.1 - - [21/Apr/2016:18:52:04 +0200] "POST /FCISquare/rest/login HTTP/1.1" 200 103
0:0:0:0:0:0:0:1 - - [21/Apr/2016:18:52:04 +0200] "POST /FCISquareApp/app/doLogin HTTP/1.1" 200 1039
127.0.0.1 - - [21/Apr/2016:18:52:12 +0200] "POST /FCISquare/rest/login HTTP/1.1" 200 103
0:0:0:0:0:0:0:1 - - [21/Apr/2016:18:52:12 +0200] "POST /FCISquareApp/app/doLogin HTTP/1.1" 200 1048
127.0.0.1 - - [21/Apr/2016:18:52:50 +0200] "POST /FCISquare/rest/login HTTP/1.1" 200 103
0:0:0:0:0:0:0:1 - - [21/Apr/2016:18:52:50 +0200] "POST /FCISquareApp/app/doLogin HTTP/1.1" 200 1053
127.0.0.1 - - [21/Apr/2016:18:53:27 +0200] "POST /FCISquare/rest/login HTTP/1.1" 200 103
0:0:0:0:0:0:0:1 - - [21/Apr/2016:18:53:27 +0200] "POST /FCISquareApp/app/doLogin HTTP/1.1" 200 1080
127.0.0.1 - - [21/Apr/2016:18:53:40 +0200] "POST /FCISquare/rest/login HTTP/1.1" 200 103
0:0:0:0:0:0:0:1 - - [21/Apr/2016:18:53:40 +0200] "POST /FCISquareApp/app/doLogin HTTP/1.1" 200 1084
127.0.0.1 - - [21/Apr/2016:19:38:41 +0200] "POST /FCISquare/rest/login HTTP/1.1" 200 103
0:0:0:0:0:0:0:1 - - [21/Apr/2016:19:38:41 +0200] "POST /FCISquareApp/app/doLogin HTTP/1.1" 200 1081
0:0:0:0:0:0:0:1 - - [21/Apr/2016:19:38:45 +0200] "GET /FCISquareApp/app/showLocation HTTP/1.1" 200 1876
0:0:0:0:0:0:0:1 - - [21/Apr/2016:19:38:49 +0200] "GET /FCISquareApp/app/follow HTTP/1.1" 200 580
0:0:0:0:0:0:0:1 - - [21/Apr/2016:19:38:51 +0200] "GET /FCISquareApp/app/unfollow HTTP/1.1" 200 535
127.0.0.1 - - [21/Apr/2016:19:38:53 +0200] "POST /FCISquare/rest/getfollowers HTTP/1.1" 200 -
0:0:0:0:0:0:0:1 - - [21/Apr/2016:19:38:53 +0200] "POST /FCISquareApp/app/doGetFollowers HTTP/1.1" 200 333
127.0.0.1 - - [21/Apr/2016:19:38:55 +0200] "POST /FCISquare/rest/getfollowers HTTP/1.1" 200 -
0:0:0:0:0:0:0:1 - - [21/Apr/2016:19:38:55 +0200] "POST /FCISquareApp/app/doGetFollowers HTTP/1.1" 200 333
0:0:0:0:0:0:0:1 - - [21/Apr/2016:19:38:57 +0200] "GET /FCISquareApp/app/checkinClass/checkin HTTP/1.1" 200 653
0:0:0:0:0:0:0:1 - - [21/Apr/2016:19:39:00 +0200] "GET /FCISquareApp/app/placeclass/addnewplace HTTP/1.1" 200 612
0:0:0:0:0:0:0:1 - - [21/Apr/2016:19:39:02 +0200] "GET /FCISquareApp/app/placeclass/addnewplace HTTP/1.1" 200 612
0:0:0:0:0:0:0:1 - - [21/Apr/2016:19:39:04 +0200] "GET /FCISquareApp/app/ HTTP/1.1" 200 553
127.0.0.1 - - [21/Apr/2016:19:39:06 +0200] "POST /FCISquare/rest/getfollowers HTTP/1.1" 200 -
0:0:0:0:0:0:0:1 - - [21/Apr/2016:19:39:06 +0200] "POST /FCISquareApp/app/doGetFollowers HTTP/1.1" 200 333
0:0:0:0:0:0:0:1 - - [21/Apr/2016:19:39:08 +0200] "GET /FCISquareApp/app/checkinClass/checkin HTTP/1.1" 200 653
0:0:0:0:0:0:0:1 - - [21/Apr/2016:19:39:10 +0200] "GET /FCISquareApp/app/home.jsp HTTP/1.1" 404 967
127.0.0.1 - - [21/Apr/2016:19:40:14 +0200] "POST /FCISquare/rest/login HTTP/1.1" 200 103
0:0:0:0:0:0:0:1 - - [21/Apr/2016:19:40:14 +0200] "POST /FCISquareApp/app/doLogin HTTP/1.1" 200 1061
127.0.0.1 - - [21/Apr/2016:19:40:24 +0200] "POST /FCISquare/rest/login HTTP/1.1" 200 103
0:0:0:0:0:0:0:1 - - [21/Apr/2016:19:40:24 +0200] "POST /FCISquareApp/app/doLogin HTTP/1.1" 200 1057
127.0.0.1 - - [21/Apr/2016:19:40:36 +0200] "POST /FCISquare/rest/login HTTP/1.1" 200 103
0:0:0:0:0:0:0:1 - - [21/Apr/2016:19:40:36 +0200] "POST /FCISquareApp/app/doLogin HTTP/1.1" 200 1057
0:0:0:0:0:0:0:1 - - [21/Apr/2016:19:42:51 +0200] "GET /FCISquareApp/app/ HTTP/1.1" 200 553
0:0:0:0:0:0:0:1 - - [21/Apr/2016:19:44:10 +0200] "GET /FCISquareApp/app/ HTTP/1.1" 200 553
0:0:0:0:0:0:0:1 - - [21/Apr/2016:19:44:37 +0200] "GET /FCISquareApp/app/ HTTP/1.1" 200 553
127.0.0.1 - - [21/Apr/2016:19:44:48 +0200] "POST /FCISquare/rest/login HTTP/1.1" 200 103
0:0:0:0:0:0:0:1 - - [21/Apr/2016:19:44:48 +0200] "POST /FCISquareApp/app/doLogin HTTP/1.1" 200 1052
0:0:0:0:0:0:0:1 - - [21/Apr/2016:19:44:52 +0200] "GET /FCISquareApp/app/ HTTP/1.1" 200 553
127.0.0.1 - - [21/Apr/2016:19:45:05 +0200] "POST /FCISquare/rest/login HTTP/1.1" 200 103
0:0:0:0:0:0:0:1 - - [21/Apr/2016:19:45:05 +0200] "POST /FCISquareApp/app/doLogin HTTP/1.1" 200 1058
127.0.0.1 - - [21/Apr/2016:19:46:34 +0200] "POST /FCISquare/rest/login HTTP/1.1" 200 103
0:0:0:0:0:0:0:1 - - [21/Apr/2016:19:46:34 +0200] "POST /FCISquareApp/app/doLogin HTTP/1.1" 200 1216
127.0.0.1 - - [21/Apr/2016:19:46:58 +0200] "POST /FCISquare/rest/login HTTP/1.1" 200 103
0:0:0:0:0:0:0:1 - - [21/Apr/2016:19:46:58 +0200] "POST /FCISquareApp/app/doLogin HTTP/1.1" 200 1228
127.0.0.1 - - [21/Apr/2016:19:56:57 +0200] "POST /FCISquare/rest/login HTTP/1.1" 200 103
0:0:0:0:0:0:0:1 - - [21/Apr/2016:19:56:58 +0200] "POST /FCISquareApp/app/doLogin HTTP/1.1" 200 1310
127.0.0.1 - - [21/Apr/2016:19:57:17 +0200] "POST /FCISquare/rest/login HTTP/1.1" 200 103
0:0:0:0:0:0:0:1 - - [21/Apr/2016:19:57:17 +0200] "POST /FCISquareApp/app/doLogin HTTP/1.1" 200 1284
127.0.0.1 - - [21/Apr/2016:19:57:40 +0200] "POST /FCISquare/rest/login HTTP/1.1" 200 103
0:0:0:0:0:0:0:1 - - [21/Apr/2016:19:57:40 +0200] "POST /FCISquareApp/app/doLogin HTTP/1.1" 500 10297
127.0.0.1 - - [21/Apr/2016:19:57:46 +0200] "POST /FCISquare/rest/login HTTP/1.1" 200 103
0:0:0:0:0:0:0:1 - - [21/Apr/2016:19:57:46 +0200] "POST /FCISquareApp/app/doLogin HTTP/1.1" 500 10297
127.0.0.1 - - [21/Apr/2016:19:57:52 +0200] "POST /FCISquare/rest/login HTTP/1.1" 200 103
0:0:0:0:0:0:0:1 - - [21/Apr/2016:19:57:52 +0200] "POST /FCISquareApp/app/doLogin HTTP/1.1" 500 11143
127.0.0.1 - - [21/Apr/2016:19:57:55 +0200] "POST /FCISquare/rest/login HTTP/1.1" 200 103
0:0:0:0:0:0:0:1 - - [21/Apr/2016:19:57:55 +0200] "POST /FCISquareApp/app/doLogin HTTP/1.1" 200 1284
127.0.0.1 - - [21/Apr/2016:19:58:03 +0200] "POST /FCISquare/rest/login HTTP/1.1" 200 103
0:0:0:0:0:0:0:1 - - [21/Apr/2016:19:58:03 +0200] "POST /FCISquareApp/app/doLogin HTTP/1.1" 200 1252
127.0.0.1 - - [21/Apr/2016:20:03:02 +0200] "POST /FCISquare/rest/login HTTP/1.1" 200 103
0:0:0:0:0:0:0:1 - - [21/Apr/2016:20:03:02 +0200] "POST /FCISquareApp/app/doLogin HTTP/1.1" 200 1252
127.0.0.1 - - [21/Apr/2016:20:03:03 +0200] "POST /FCISquare/rest/getfollowers HTTP/1.1" 200 -
0:0:0:0:0:0:0:1 - - [21/Apr/2016:20:03:03 +0200] "POST /FCISquareApp/app/doGetFollowers HTTP/1.1" 200 333
127.0.0.1 - - [21/Apr/2016:20:03:07 +0200] "POST /FCISquare/rest/getfollowers HTTP/1.1" 200 -
0:0:0:0:0:0:0:1 - - [21/Apr/2016:20:03:07 +0200] "POST /FCISquareApp/app/doGetFollowers HTTP/1.1" 200 333
127.0.0.1 - - [21/Apr/2016:20:03:10 +0200] "POST /FCISquare/rest/getfollowers HTTP/1.1" 200 -
0:0:0:0:0:0:0:1 - - [21/Apr/2016:20:03:10 +0200] "POST /FCISquareApp/app/doGetFollowers HTTP/1.1" 200 333
127.0.0.1 - - [21/Apr/2016:20:03:12 +0200] "POST /FCISquare/rest/getfollowers HTTP/1.1" 200 -
0:0:0:0:0:0:0:1 - - [21/Apr/2016:20:03:12 +0200] "POST /FCISquareApp/app/doGetFollowers HTTP/1.1" 200 333
0:0:0:0:0:0:0:1 - - [21/Apr/2016:20:03:14 +0200] "GET /FCISquareApp/app/checkinClass/checkin HTTP/1.1" 200 653
127.0.0.1 - - [21/Apr/2016:20:03:16 +0200] "POST /FCISquare/rest/getfollowers HTTP/1.1" 200 -
0:0:0:0:0:0:0:1 - - [21/Apr/2016:20:03:16 +0200] "POST /FCISquareApp/app/doGetFollowers HTTP/1.1" 200 333
127.0.0.1 - - [21/Apr/2016:20:03:31 +0200] "POST /FCISquare/rest/getfollowers HTTP/1.1" 200 -
0:0:0:0:0:0:0:1 - - [21/Apr/2016:20:03:31 +0200] "POST /FCISquareApp/app/doGetFollowers HTTP/1.1" 200 333
127.0.0.1 - - [21/Apr/2016:20:03:32 +0200] "POST /FCISquare/rest/getfollowers HTTP/1.1" 200 -
0:0:0:0:0:0:0:1 - - [21/Apr/2016:20:03:32 +0200] "POST /FCISquareApp/app/doGetFollowers HTTP/1.1" 200 333
127.0.0.1 - - [21/Apr/2016:20:03:34 +0200] "POST /FCISquare/rest/getfollowers HTTP/1.1" 200 -
0:0:0:0:0:0:0:1 - - [21/Apr/2016:20:03:34 +0200] "POST /FCISquareApp/app/doGetFollowers HTTP/1.1" 200 333
127.0.0.1 - - [21/Apr/2016:20:03:36 +0200] "POST /FCISquare/rest/getfollowers HTTP/1.1" 200 -
0:0:0:0:0:0:0:1 - - [21/Apr/2016:20:03:36 +0200] "POST /FCISquareApp/app/doGetFollowers HTTP/1.1" 200 333
127.0.0.1 - - [21/Apr/2016:20:03:53 +0200] "POST /FCISquare/rest/getfollowers HTTP/1.1" 200 -
0:0:0:0:0:0:0:1 - - [21/Apr/2016:20:03:53 +0200] "POST /FCISquareApp/app/doGetFollowers HTTP/1.1" 200 333
127.0.0.1 - - [21/Apr/2016:20:03:56 +0200] "POST /FCISquare/rest/login HTTP/1.1" 200 103
0:0:0:0:0:0:0:1 - - [21/Apr/2016:20:03:56 +0200] "POST /FCISquareApp/app/doLogin HTTP/1.1" 200 1273
127.0.0.1 - - [21/Apr/2016:20:04:01 +0200] "POST /FCISquare/rest/getfollowers HTTP/1.1" 200 -
0:0:0:0:0:0:0:1 - - [21/Apr/2016:20:04:01 +0200] "POST /FCISquareApp/app/doGetFollowers HTTP/1.1" 200 333
127.0.0.1 - - [21/Apr/2016:20:04:03 +0200] "POST /FCISquare/rest/getLocation HTTP/1.1" 200 103
0:0:0:0:0:0:0:1 - - [21/Apr/2016:20:04:03 +0200] "POST /FCISquareApp/app/getLastPositionOfUser HTTP/1.1" 200 364
127.0.0.1 - - [21/Apr/2016:20:04:07 +0200] "POST /FCISquare/rest/homepage HTTP/1.1" 500 4025
0:0:0:0:0:0:0:1 - - [21/Apr/2016:20:04:07 +0200] "POST /FCISquareApp/app/dohomepage HTTP/1.1" 500 4219
127.0.0.1 - - [21/Apr/2016:20:04:10 +0200] "POST /FCISquare/rest/homepage HTTP/1.1" 500 4025
0:0:0:0:0:0:0:1 - - [21/Apr/2016:20:04:10 +0200] "POST /FCISquareApp/app/dohomepage HTTP/1.1" 500 4219
127.0.0.1 - - [21/Apr/2016:20:04:22 +0200] "GET / HTTP/1.1" 404 951
127.0.0.1 - - [21/Apr/2016:20:04:31 +0200] "POST /FCISquare/rest/login HTTP/1.1" 200 103
0:0:0:0:0:0:0:1 - - [21/Apr/2016:20:04:31 +0200] "POST /FCISquareApp/app/doLogin HTTP/1.1" 200 1273
127.0.0.1 - - [21/Apr/2016:20:04:32 +0200] "POST /FCISquare/rest/homepage HTTP/1.1" 500 4025
0:0:0:0:0:0:0:1 - - [21/Apr/2016:20:04:32 +0200] "POST /FCISquareApp/app/dohomepage HTTP/1.1" 500 4219
127.0.0.1 - - [21/Apr/2016:20:07:28 +0200] "POST /FCISquare/rest/login HTTP/1.1" 200 103
0:0:0:0:0:0:0:1 - - [21/Apr/2016:20:07:28 +0200] "POST /FCISquareApp/app/doLogin HTTP/1.1" 200 1273
127.0.0.1 - - [21/Apr/2016:20:07:29 +0200] "POST /FCISquare/rest/homepage HTTP/1.1" 500 4025
0:0:0:0:0:0:0:1 - - [21/Apr/2016:20:07:29 +0200] "POST /FCISquareApp/app/dohomepage HTTP/1.1" 500 4219
127.0.0.1 - - [21/Apr/2016:20:08:40 +0200] "POST /FCISquare/rest/homepage HTTP/1.1" 500 4025
0:0:0:0:0:0:0:1 - - [21/Apr/2016:20:08:40 +0200] "POST /FCISquareApp/app/dohomepage HTTP/1.1" 500 4219
127.0.0.1 - - [21/Apr/2016:20:16:13 +0200] "GET / HTTP/1.1" 404 951
127.0.0.1 - - [21/Apr/2016:20:16:20 +0200] "POST /FCISquare/rest/login HTTP/1.1" 200 103
0:0:0:0:0:0:0:1 - - [21/Apr/2016:20:16:20 +0200] "POST /FCISquareApp/app/doLogin HTTP/1.1" 200 1273
127.0.0.1 - - [21/Apr/2016:20:16:22 +0200] "POST /FCISquare/rest/homepage HTTP/1.1" 500 4025
0:0:0:0:0:0:0:1 - - [21/Apr/2016:20:16:22 +0200] "POST /FCISquareApp/app/dohomepage HTTP/1.1" 500 4219
127.0.0.1 - - [21/Apr/2016:20:18:18 +0200] "POST /FCISquare/rest/homepage HTTP/1.1" 500 4025
0:0:0:0:0:0:0:1 - - [21/Apr/2016:20:18:18 +0200] "POST /FCISquareApp/app/dohomepage HTTP/1.1" 500 4219
127.0.0.1 - - [21/Apr/2016:20:20:08 +0200] "GET / HTTP/1.1" 404 951
127.0.0.1 - - [21/Apr/2016:20:20:13 +0200] "POST /FCISquare/rest/homepage HTTP/1.1" 500 4025
0:0:0:0:0:0:0:1 - - [21/Apr/2016:20:20:13 +0200] "POST /FCISquareApp/app/dohomepage HTTP/1.1" 500 4219
127.0.0.1 - - [21/Apr/2016:20:21:10 +0200] "GET / HTTP/1.1" 404 951
127.0.0.1 - - [21/Apr/2016:20:21:15 +0200] "POST /FCISquare/rest/homepage HTTP/1.1" 500 4025
0:0:0:0:0:0:0:1 - - [21/Apr/2016:20:21:15 +0200] "POST /FCISquareApp/app/dohomepage HTTP/1.1" 500 4219
127.0.0.1 - - [21/Apr/2016:20:22:57 +0200] "POST /FCISquare/rest/homepage HTTP/1.1" 500 4025
0:0:0:0:0:0:0:1 - - [21/Apr/2016:20:22:57 +0200] "POST /FCISquareApp/app/dohomepage HTTP/1.1" 500 4219
127.0.0.1 - - [21/Apr/2016:20:24:08 +0200] "POST /FCISquare/rest/homepage HTTP/1.1" 500 4025
0:0:0:0:0:0:0:1 - - [21/Apr/2016:20:24:08 +0200] "POST /FCISquareApp/app/dohomepage HTTP/1.1" 500 4219
127.0.0.1 - - [21/Apr/2016:20:24:39 +0200] "GET / HTTP/1.1" 404 951
127.0.0.1 - - [21/Apr/2016:20:24:43 +0200] "POST /FCISquare/rest/homepage HTTP/1.1" 500 4025
0:0:0:0:0:0:0:1 - - [21/Apr/2016:20:24:43 +0200] "POST /FCISquareApp/app/dohomepage HTTP/1.1" 500 4219
127.0.0.1 - - [21/Apr/2016:20:25:46 +0200] "POST /FCISquare/rest/homepage HTTP/1.1" 500 4025
0:0:0:0:0:0:0:1 - - [21/Apr/2016:20:25:46 +0200] "POST /FCISquareApp/app/dohomepage HTTP/1.1" 500 4219
0:0:0:0:0:0:0:1 - - [21/Apr/2016:20:27:43 +0200] "GET /FCISquareApp/app/ HTTP/1.1" 200 553
0:0:0:0:0:0:0:1 - - [21/Apr/2016:20:27:45 +0200] "GET /FCISquareApp/app/Login HTTP/1.1" 200 467
127.0.0.1 - - [21/Apr/2016:20:27:52 +0200] "POST /FCISquare/rest/login HTTP/1.1" 200 82
0:0:0:0:0:0:0:1 - - [21/Apr/2016:20:27:52 +0200] "POST /FCISquareApp/app/doLogin HTTP/1.1" 200 1233
127.0.0.1 - - [21/Apr/2016:20:27:54 +0200] "POST /FCISquare/rest/homepage HTTP/1.1" 500 4025
0:0:0:0:0:0:0:1 - - [21/Apr/2016:20:27:54 +0200] "POST /FCISquareApp/app/dohomepage HTTP/1.1" 500 4219
0:0:0:0:0:0:0:1 - - [21/Apr/2016:20:29:43 +0200] "GET /FCISquareApp/app/ HTTP/1.1" 200 553
0:0:0:0:0:0:0:1 - - [21/Apr/2016:20:29:44 +0200] "GET /FCISquareApp/app/Login HTTP/1.1" 200 467
127.0.0.1 - - [21/Apr/2016:20:29:48 +0200] "POST /FCISquare/rest/login HTTP/1.1" 200 103
0:0:0:0:0:0:0:1 - - [21/Apr/2016:20:29:48 +0200] "POST /FCISquareApp/app/doLogin HTTP/1.1" 200 1273
127.0.0.1 - - [21/Apr/2016:20:29:50 +0200] "POST /FCISquare/rest/homepage HTTP/1.1" 500 4025
0:0:0:0:0:0:0:1 - - [21/Apr/2016:20:29:50 +0200] "POST /FCISquareApp/app/dohomepage HTTP/1.1" 500 4219
0:0:0:0:0:0:0:1 - - [21/Apr/2016:20:31:06 +0200] "GET /FCISquareApp/app/ HTTP/1.1" 200 553
0:0:0:0:0:0:0:1 - - [21/Apr/2016:20:31:07 +0200] "GET /FCISquareApp/app/Login HTTP/1.1" 200 467
127.0.0.1 - - [21/Apr/2016:20:31:29 +0200] "POST /FCISquare/rest/login HTTP/1.1" 200 90
0:0:0:0:0:0:0:1 - - [21/Apr/2016:20:31:29 +0200] "POST /FCISquareApp/app/doLogin HTTP/1.1" 200 1276
127.0.0.1 - - [21/Apr/2016:20:31:32 +0200] "POST /FCISquare/rest/homepage HTTP/1.1" 500 4025
0:0:0:0:0:0:0:1 - - [21/Apr/2016:20:31:32 +0200] "POST /FCISquareApp/app/dohomepage HTTP/1.1" 500 4219
0:0:0:0:0:0:0:1 - - [21/Apr/2016:20:31:37 +0200] "GET /FCISquareApp/app/checkinClass/checkin HTTP/1.1" 200 654
127.0.0.1 - - [21/Apr/2016:20:31:45 +0200] "POST /FCISquare/rest/checkin HTTP/1.1" 200 91
0:0:0:0:0:0:0:1 - - [21/Apr/2016:20:31:45 +0200] "POST /FCISquareApp/app/checkinClass/docheckin HTTP/1.1" 200 654
127.0.0.1 - - [21/Apr/2016:20:32:14 +0200] "POST /FCISquare/rest/login HTTP/1.1" 200 103
0:0:0:0:0:0:0:1 - - [21/Apr/2016:20:32:14 +0200] "POST /FCISquareApp/app/doLogin HTTP/1.1" 200 1273
127.0.0.1 - - [21/Apr/2016:20:32:18 +0200] "POST /FCISquare/rest/homepage HTTP/1.1" 500 4025
0:0:0:0:0:0:0:1 - - [21/Apr/2016:20:32:18 +0200] "POST /FCISquareApp/app/dohomepage HTTP/1.1" 500 4219
127.0.0.1 - - [21/Apr/2016:20:34:23 +0200] "POST /FCISquare/rest/homepage HTTP/1.1" 500 4025
0:0:0:0:0:0:0:1 - - [21/Apr/2016:20:34:23 +0200] "POST /FCISquareApp/app/dohomepage HTTP/1.1" 500 4219
127.0.0.1 - - [21/Apr/2016:20:35:28 +0200] "POST /FCISquare/rest/homepage HTTP/1.1" 500 4025
0:0:0:0:0:0:0:1 - - [21/Apr/2016:20:35:28 +0200] "POST /FCISquareApp/app/dohomepage HTTP/1.1" 500 4219
127.0.0.1 - - [21/Apr/2016:20:37:16 +0200] "POST /FCISquare/rest/homepage HTTP/1.1" 500 4025
0:0:0:0:0:0:0:1 - - [21/Apr/2016:20:37:16 +0200] "POST /FCISquareApp/app/dohomepage HTTP/1.1" 500 4219
127.0.0.1 - - [21/Apr/2016:20:44:28 +0200] "POST /FCISquare/rest/homepage HTTP/1.1" 200 37
0:0:0:0:0:0:0:1 - - [21/Apr/2016:20:44:28 +0200] "POST /FCISquareApp/app/dohomepage HTTP/1.1" 204 -
127.0.0.1 - - [21/Apr/2016:20:44:31 +0200] "POST /FCISquare/rest/homepage HTTP/1.1" 200 38
0:0:0:0:0:0:0:1 - - [21/Apr/2016:20:44:31 +0200] "POST /FCISquareApp/app/dohomepage HTTP/1.1" 204 -
127.0.0.1 - - [21/Apr/2016:20:44:32 +0200] "POST /FCISquare/rest/homepage HTTP/1.1" 200 38
0:0:0:0:0:0:0:1 - - [21/Apr/2016:20:44:32 +0200] "POST /FCISquareApp/app/dohomepage HTTP/1.1" 204 -
127.0.0.1 - - [21/Apr/2016:20:44:32 +0200] "POST /FCISquare/rest/homepage HTTP/1.1" 200 38
0:0:0:0:0:0:0:1 - - [21/Apr/2016:20:44:32 +0200] "POST /FCISquareApp/app/dohomepage HTTP/1.1" 204 -
127.0.0.1 - - [21/Apr/2016:20:44:32 +0200] "POST /FCISquare/rest/homepage HTTP/1.1" 200 38
0:0:0:0:0:0:0:1 - - [21/Apr/2016:20:44:32 +0200] "POST /FCISquareApp/app/dohomepage HTTP/1.1" 204 -
127.0.0.1 - - [21/Apr/2016:20:44:33 +0200] "POST /FCISquare/rest/homepage HTTP/1.1" 200 38
0:0:0:0:0:0:0:1 - - [21/Apr/2016:20:44:33 +0200] "POST /FCISquareApp/app/dohomepage HTTP/1.1" 204 -
127.0.0.1 - - [21/Apr/2016:20:44:33 +0200] "POST /FCISquare/rest/homepage HTTP/1.1" 200 38
0:0:0:0:0:0:0:1 - - [21/Apr/2016:20:44:33 +0200] "POST /FCISquareApp/app/dohomepage HTTP/1.1" 204 -
127.0.0.1 - - [21/Apr/2016:20:44:33 +0200] "POST /FCISquare/rest/homepage HTTP/1.1" 200 38
0:0:0:0:0:0:0:1 - - [21/Apr/2016:20:44:33 +0200] "POST /FCISquareApp/app/dohomepage HTTP/1.1" 204 -
127.0.0.1 - - [21/Apr/2016:20:44:34 +0200] "POST /FCISquare/rest/homepage HTTP/1.1" 200 37
0:0:0:0:0:0:0:1 - - [21/Apr/2016:20:44:34 +0200] "POST /FCISquareApp/app/dohomepage HTTP/1.1" 204 -
127.0.0.1 - - [21/Apr/2016:20:44:34 +0200] "POST /FCISquare/rest/homepage HTTP/1.1" 200 38
0:0:0:0:0:0:0:1 - - [21/Apr/2016:20:44:34 +0200] "POST /FCISquareApp/app/dohomepage HTTP/1.1" 204 -
127.0.0.1 - - [21/Apr/2016:20:44:35 +0200] "POST /FCISquare/rest/homepage HTTP/1.1" 200 38
0:0:0:0:0:0:0:1 - - [21/Apr/2016:20:44:35 +0200] "POST /FCISquareApp/app/dohomepage HTTP/1.1" 204 -
127.0.0.1 - - [21/Apr/2016:20:44:35 +0200] "POST /FCISquare/rest/homepage HTTP/1.1" 200 38
0:0:0:0:0:0:0:1 - - [21/Apr/2016:20:44:35 +0200] "POST /FCISquareApp/app/dohomepage HTTP/1.1" 204 -
127.0.0.1 - - [21/Apr/2016:20:44:37 +0200] "POST /FCISquare/rest/homepage HTTP/1.1" 200 38
0:0:0:0:0:0:0:1 - - [21/Apr/2016:20:44:37 +0200] "POST /FCISquareApp/app/dohomepage HTTP/1.1" 204 -
127.0.0.1 - - [21/Apr/2016:20:46:59 +0200] "POST /FCISquare/rest/homepage HTTP/1.1" 500 1039
0:0:0:0:0:0:0:1 - - [21/Apr/2016:20:46:59 +0200] "POST /FCISquareApp/app/dohomepage HTTP/1.1" 500 4219
127.0.0.1 - - [21/Apr/2016:20:48:29 +0200] "GET / HTTP/1.1" 404 951
127.0.0.1 - - [21/Apr/2016:20:48:33 +0200] "POST /FCISquare/rest/login HTTP/1.1" 200 103
0:0:0:0:0:0:0:1 - - [21/Apr/2016:20:48:33 +0200] "POST /FCISquareApp/app/doLogin HTTP/1.1" 200 1273
127.0.0.1 - - [21/Apr/2016:20:48:35 +0200] "POST /FCISquare/rest/homepage HTTP/1.1" 500 1039
0:0:0:0:0:0:0:1 - - [21/Apr/2016:20:48:35 +0200] "POST /FCISquareApp/app/dohomepage HTTP/1.1" 500 4219
127.0.0.1 - - [21/Apr/2016:20:49:55 +0200] "GET / HTTP/1.1" 404 951
127.0.0.1 - - [21/Apr/2016:20:49:59 +0200] "POST /FCISquare/rest/homepage HTTP/1.1" 500 1039
0:0:0:0:0:0:0:1 - - [21/Apr/2016:20:49:59 +0200] "POST /FCISquareApp/app/dohomepage HTTP/1.1" 204 -
127.0.0.1 - - [21/Apr/2016:20:50:06 +0200] "POST /FCISquare/rest/homepage HTTP/1.1" 500 1039
0:0:0:0:0:0:0:1 - - [21/Apr/2016:20:50:06 +0200] "POST /FCISquareApp/app/dohomepage HTTP/1.1" 204 -
127.0.0.1 - - [21/Apr/2016:20:50:11 +0200] "POST /FCISquare/rest/homepage HTTP/1.1" 500 1039
0:0:0:0:0:0:0:1 - - [21/Apr/2016:20:50:11 +0200] "POST /FCISquareApp/app/dohomepage HTTP/1.1" 204 -
127.0.0.1 - - [21/Apr/2016:20:51:35 +0200] "GET / HTTP/1.1" 404 951
127.0.0.1 - - [21/Apr/2016:20:51:39 +0200] "POST /FCISquare/rest/login HTTP/1.1" 200 103
0:0:0:0:0:0:0:1 - - [21/Apr/2016:20:51:39 +0200] "POST /FCISquareApp/app/doLogin HTTP/1.1" 200 1273
127.0.0.1 - - [21/Apr/2016:20:51:40 +0200] "POST /FCISquare/rest/homepage HTTP/1.1" 500 1039
0:0:0:0:0:0:0:1 - - [21/Apr/2016:20:51:40 +0200] "POST /FCISquareApp/app/dohomepage HTTP/1.1" 500 4219
127.0.0.1 - - [21/Apr/2016:20:53:01 +0200] "POST /FCISquare/rest/homepage HTTP/1.1" 500 5824
0:0:0:0:0:0:0:1 - - [21/Apr/2016:20:53:01 +0200] "POST /FCISquareApp/app/dohomepage HTTP/1.1" 500 4219
127.0.0.1 - - [21/Apr/2016:20:54:35 +0200] "GET / HTTP/1.1" 404 951
127.0.0.1 - - [21/Apr/2016:20:58:18 +0200] "POST /FCISquare/rest/homepage HTTP/1.1" 500 1039
0:0:0:0:0:0:0:1 - - [21/Apr/2016:20:58:19 +0200] "POST /FCISquareApp/app/dohomepage HTTP/1.1" 500 4219
0:0:0:0:0:0:0:1 - - [21/Apr/2016:20:58:34 +0200] "GET /FCISquareApp/app/dohomepage HTTP/1.1" 405 1013
