127.0.0.1 - - [27/Mar/2016:00:00:45 +0200] "POST /FCISquare/rest/login HTTP/1.1" 200 103
0:0:0:0:0:0:0:1 - - [27/Mar/2016:00:00:45 +0200] "POST /FCISquareApp/app/doLogin HTTP/1.1" 200 905
0:0:0:0:0:0:0:1 - - [27/Mar/2016:00:34:42 +0200] "GET /FCISquareApp/app/showLocation HTTP/1.1" 200 1876
0:0:0:0:0:0:0:1 - - [27/Mar/2016:00:34:45 +0200] "GET /FCISquareApp/app/follow HTTP/1.1" 200 497
0:0:0:0:0:0:0:1 - - [27/Mar/2016:00:35:04 +0200] "GET /FCISquareApp/app/unfollow HTTP/1.1" 200 521
0:0:0:0:0:0:0:1 - - [27/Mar/2016:00:35:14 +0200] "GET /FCISquareApp/app/getfollowers HTTP/1.1" 404 967
0:0:0:0:0:0:0:1 - - [27/Mar/2016:00:35:29 +0200] "GET /FCISquareApp/app/ HTTP/1.1" 200 553
127.0.0.1 - - [27/Mar/2016:00:41:01 +0200] "POST /FCISquare/rest/login HTTP/1.1" 200 103
0:0:0:0:0:0:0:1 - - [27/Mar/2016:00:41:01 +0200] "POST /FCISquareApp/app/doLogin HTTP/1.1" 200 924
127.0.0.1 - - [27/Mar/2016:00:41:37 +0200] "POST /FCISquare/rest/login HTTP/1.1" 200 103
0:0:0:0:0:0:0:1 - - [27/Mar/2016:00:41:37 +0200] "POST /FCISquareApp/app/doLogin HTTP/1.1" 200 957
127.0.0.1 - - [27/Mar/2016:00:41:59 +0200] "POST /FCISquare/rest/login HTTP/1.1" 200 103
0:0:0:0:0:0:0:1 - - [27/Mar/2016:00:41:59 +0200] "POST /FCISquareApp/app/doLogin HTTP/1.1" 200 964
127.0.0.1 - - [27/Mar/2016:00:42:24 +0200] "POST /FCISquare/rest/login HTTP/1.1" 200 103
0:0:0:0:0:0:0:1 - - [27/Mar/2016:00:42:24 +0200] "POST /FCISquareApp/app/doLogin HTTP/1.1" 200 932
127.0.0.1 - - [27/Mar/2016:00:42:47 +0200] "POST /FCISquare/rest/login HTTP/1.1" 200 103
0:0:0:0:0:0:0:1 - - [27/Mar/2016:00:42:47 +0200] "POST /FCISquareApp/app/doLogin HTTP/1.1" 200 958
127.0.0.1 - - [27/Mar/2016:00:42:59 +0200] "POST /FCISquare/rest/login HTTP/1.1" 200 103
0:0:0:0:0:0:0:1 - - [27/Mar/2016:00:42:59 +0200] "POST /FCISquareApp/app/doLogin HTTP/1.1" 200 964
0:0:0:0:0:0:0:1 - - [27/Mar/2016:00:59:09 +0200] "POST /FCISquare/rest/getfollowers HTTP/1.1" 500 4088
0:0:0:0:0:0:0:1 - - [27/Mar/2016:01:00:52 +0200] "POST /FCISquare/rest/getfollowers HTTP/1.1" 200 70
0:0:0:0:0:0:0:1 - - [27/Mar/2016:01:06:10 +0200] "POST /FCISquare/rest/getfollowers HTTP/1.1" 200 70
0:0:0:0:0:0:0:1 - - [27/Mar/2016:01:06:58 +0200] "POST /FCISquare/rest/getfollowers HTTP/1.1" 200 129
127.0.0.1 - - [27/Mar/2016:01:11:34 +0200] "POST /FCISquare/rest/login HTTP/1.1" 200 103
0:0:0:0:0:0:0:1 - - [27/Mar/2016:01:11:34 +0200] "POST /FCISquareApp/app/doLogin HTTP/1.1" 200 993
127.0.0.1 - - [27/Mar/2016:01:12:03 +0200] "POST /FCISquare/rest/login HTTP/1.1" 200 103
0:0:0:0:0:0:0:1 - - [27/Mar/2016:01:12:03 +0200] "POST /FCISquareApp/app/doLogin HTTP/1.1" 200 970
127.0.0.1 - - [27/Mar/2016:01:12:25 +0200] "POST /FCISquare/rest/login HTTP/1.1" 200 103
0:0:0:0:0:0:0:1 - - [27/Mar/2016:01:12:25 +0200] "POST /FCISquareApp/app/doLogin HTTP/1.1" 200 982
127.0.0.1 - - [27/Mar/2016:01:12:32 +0200] "POST /FCISquare/rest/login HTTP/1.1" 200 103
0:0:0:0:0:0:0:1 - - [27/Mar/2016:01:12:32 +0200] "POST /FCISquareApp/app/doLogin HTTP/1.1" 200 972
127.0.0.1 - - [27/Mar/2016:01:12:49 +0200] "POST /FCISquare/rest/login HTTP/1.1" 200 103
0:0:0:0:0:0:0:1 - - [27/Mar/2016:01:12:50 +0200] "POST /FCISquareApp/app/doLogin HTTP/1.1" 200 982
127.0.0.1 - - [27/Mar/2016:08:19:04 +0200] "GET / HTTP/1.1" 404 951
0:0:0:0:0:0:0:1 - - [27/Mar/2016:08:19:04 +0200] "GET /FCISquareApp/app/Login HTTP/1.1" 404 967
0:0:0:0:0:0:0:1 - - [27/Mar/2016:08:19:12 +0200] "GET /FCISquareApp/app/ HTTP/1.1" 404 967
0:0:0:0:0:0:0:1 - - [27/Mar/2016:08:19:27 +0200] "GET /FCISquareApp/app/ HTTP/1.1" 404 967
0:0:0:0:0:0:0:1 - - [27/Mar/2016:08:19:28 +0200] "GET /FCISquareApp/app/ HTTP/1.1" 404 967
0:0:0:0:0:0:0:1 - - [27/Mar/2016:08:19:28 +0200] "GET /FCISquareApp/app/ HTTP/1.1" 404 967
0:0:0:0:0:0:0:1 - - [27/Mar/2016:08:19:29 +0200] "GET /FCISquareApp/app/ HTTP/1.1" 404 967
0:0:0:0:0:0:0:1 - - [27/Mar/2016:08:21:41 +0200] "GET /FCISquareApp/app/ HTTP/1.1" 404 967
0:0:0:0:0:0:0:1 - - [27/Mar/2016:08:21:45 +0200] "GET /FCISquareApp/app/ HTTP/1.1" 404 967
0:0:0:0:0:0:0:1 - - [27/Mar/2016:09:37:34 +0200] "GET /FCISquareApp/app/Login HTTP/1.1" 404 967
0:0:0:0:0:0:0:1 - - [27/Mar/2016:09:38:41 +0200] "GET /FCISquareApp/app/ HTTP/1.1" 404 967
0:0:0:0:0:0:0:1 - - [27/Mar/2016:09:45:34 +0200] "GET /FCISquareApp/app/ HTTP/1.1" 404 967
0:0:0:0:0:0:0:1 - - [27/Mar/2016:09:45:34 +0200] "GET /FCISquareApp/app/ HTTP/1.1" 404 967
0:0:0:0:0:0:0:1 - - [27/Mar/2016:09:45:34 +0200] "GET /FCISquareApp/app/ HTTP/1.1" 404 967
0:0:0:0:0:0:0:1 - - [27/Mar/2016:09:45:35 +0200] "GET /FCISquareApp/app/ HTTP/1.1" 404 967
0:0:0:0:0:0:0:1 - - [27/Mar/2016:09:45:35 +0200] "GET /FCISquareApp/app/ HTTP/1.1" 404 967
0:0:0:0:0:0:0:1 - - [27/Mar/2016:09:45:35 +0200] "GET /FCISquareApp/app/ HTTP/1.1" 404 967
0:0:0:0:0:0:0:1 - - [27/Mar/2016:09:45:36 +0200] "GET /FCISquareApp/app/ HTTP/1.1" 404 967
0:0:0:0:0:0:0:1 - - [27/Mar/2016:09:45:36 +0200] "GET /FCISquareApp/app/ HTTP/1.1" 404 967
0:0:0:0:0:0:0:1 - - [27/Mar/2016:09:45:47 +0200] "GET /FCISquareApp/app/ HTTP/1.1" 404 967
0:0:0:0:0:0:0:1 - - [27/Mar/2016:09:45:56 +0200] "GET /FCISquareApp/app/signUp HTTP/1.1" 404 967
0:0:0:0:0:0:0:1 - - [27/Mar/2016:09:46:05 +0200] "GET /FCISquareApp/app/signup HTTP/1.1" 404 967
0:0:0:0:0:0:0:1 - - [27/Mar/2016:09:47:43 +0200] "GET /FCISquareApp/app/signup HTTP/1.1" 404 967
0:0:0:0:0:0:0:1 - - [27/Mar/2016:09:49:11 +0200] "GET /FCISquareApp/app/signup HTTP/1.1" 404 967
0:0:0:0:0:0:0:1 - - [27/Mar/2016:09:49:11 +0200] "GET /FCISquareApp/app/signup HTTP/1.1" 404 967
0:0:0:0:0:0:0:1 - - [27/Mar/2016:09:49:11 +0200] "GET /FCISquareApp/app/signup HTTP/1.1" 404 967
0:0:0:0:0:0:0:1 - - [27/Mar/2016:09:49:12 +0200] "GET /FCISquareApp/app/signup HTTP/1.1" 404 967
0:0:0:0:0:0:0:1 - - [27/Mar/2016:09:49:12 +0200] "GET /FCISquareApp/app/signup HTTP/1.1" 404 967
0:0:0:0:0:0:0:1 - - [27/Mar/2016:09:49:12 +0200] "GET /FCISquareApp/app/signup HTTP/1.1" 404 967
0:0:0:0:0:0:0:1 - - [27/Mar/2016:09:49:46 +0200] "GET /FCISquareApp/app/Login HTTP/1.1" 404 967
0:0:0:0:0:0:0:1 - - [27/Mar/2016:09:50:18 +0200] "GET /FCISquareApp/app/Login HTTP/1.1" 404 967
0:0:0:0:0:0:0:1 - - [27/Mar/2016:09:50:19 +0200] "GET /FCISquareApp/app/Login HTTP/1.1" 404 967
0:0:0:0:0:0:0:1 - - [27/Mar/2016:09:50:19 +0200] "GET /FCISquareApp/app/Login HTTP/1.1" 404 967
0:0:0:0:0:0:0:1 - - [27/Mar/2016:09:50:20 +0200] "GET /FCISquareApp/app/Login HTTP/1.1" 404 967
0:0:0:0:0:0:0:1 - - [27/Mar/2016:09:50:20 +0200] "GET /FCISquareApp/app/Login HTTP/1.1" 404 967
0:0:0:0:0:0:0:1 - - [27/Mar/2016:09:50:20 +0200] "GET /FCISquareApp/app/Login HTTP/1.1" 404 967
0:0:0:0:0:0:0:1 - - [27/Mar/2016:09:50:21 +0200] "GET /FCISquareApp/app/Login HTTP/1.1" 404 967
0:0:0:0:0:0:0:1 - - [27/Mar/2016:09:50:28 +0200] "GET /FCISquareApp/app/Login HTTP/1.1" 404 967
0:0:0:0:0:0:0:1 - - [27/Mar/2016:09:50:31 +0200] "GET /FCISquareApp/app/Login HTTP/1.1" 404 967
0:0:0:0:0:0:0:1 - - [27/Mar/2016:09:52:13 +0200] "GET /FCISquareApp/app/Login HTTP/1.1" 404 967
0:0:0:0:0:0:0:1 - - [27/Mar/2016:09:52:13 +0200] "GET /FCISquareApp/app/Login HTTP/1.1" 404 967
0:0:0:0:0:0:0:1 - - [27/Mar/2016:09:52:14 +0200] "GET /FCISquareApp/app/Login HTTP/1.1" 404 967
0:0:0:0:0:0:0:1 - - [27/Mar/2016:09:52:14 +0200] "GET /FCISquareApp/app/Login HTTP/1.1" 404 967
0:0:0:0:0:0:0:1 - - [27/Mar/2016:09:52:15 +0200] "GET /FCISquareApp/app/Login HTTP/1.1" 404 967
0:0:0:0:0:0:0:1 - - [27/Mar/2016:09:52:15 +0200] "GET /FCISquareApp/app/Login HTTP/1.1" 404 967
0:0:0:0:0:0:0:1 - - [27/Mar/2016:09:52:15 +0200] "GET /FCISquareApp/app/Login HTTP/1.1" 404 967
0:0:0:0:0:0:0:1 - - [27/Mar/2016:09:52:16 +0200] "GET /FCISquareApp/app/Login HTTP/1.1" 404 967
0:0:0:0:0:0:0:1 - - [27/Mar/2016:09:52:16 +0200] "GET /FCISquareApp/app/Login HTTP/1.1" 404 967
0:0:0:0:0:0:0:1 - - [27/Mar/2016:09:52:16 +0200] "GET /FCISquareApp/app/Login HTTP/1.1" 404 967
0:0:0:0:0:0:0:1 - - [27/Mar/2016:09:52:17 +0200] "GET /FCISquareApp/app/Login HTTP/1.1" 404 967
0:0:0:0:0:0:0:1 - - [27/Mar/2016:09:52:17 +0200] "GET /FCISquareApp/app/Login HTTP/1.1" 404 967
0:0:0:0:0:0:0:1 - - [27/Mar/2016:09:53:31 +0200] "GET /FCISquareApp/app/Login HTTP/1.1" 404 967
0:0:0:0:0:0:0:1 - - [27/Mar/2016:09:53:37 +0200] "GET /FCISquareApp/app/ HTTP/1.1" 404 967
0:0:0:0:0:0:0:1 - - [27/Mar/2016:09:53:39 +0200] "GET /FCISquareApp/app/ HTTP/1.1" 404 967
0:0:0:0:0:0:0:1 - - [27/Mar/2016:09:53:39 +0200] "GET /FCISquareApp/app/ HTTP/1.1" 404 967
0:0:0:0:0:0:0:1 - - [27/Mar/2016:09:53:40 +0200] "GET /FCISquareApp/app/ HTTP/1.1" 404 967
0:0:0:0:0:0:0:1 - - [27/Mar/2016:09:53:40 +0200] "GET /FCISquareApp/app/ HTTP/1.1" 404 967
0:0:0:0:0:0:0:1 - - [27/Mar/2016:09:53:40 +0200] "GET /FCISquareApp/app/ HTTP/1.1" 404 967
0:0:0:0:0:0:0:1 - - [27/Mar/2016:09:53:40 +0200] "GET /FCISquareApp/app/ HTTP/1.1" 404 967
0:0:0:0:0:0:0:1 - - [27/Mar/2016:09:53:41 +0200] "GET /FCISquareApp/app/ HTTP/1.1" 404 967
0:0:0:0:0:0:0:1 - - [27/Mar/2016:09:53:41 +0200] "GET /FCISquareApp/app/ HTTP/1.1" 404 967
0:0:0:0:0:0:0:1 - - [27/Mar/2016:09:53:42 +0200] "GET /FCISquareApp/app/ HTTP/1.1" 404 967
0:0:0:0:0:0:0:1 - - [27/Mar/2016:09:53:42 +0200] "GET /FCISquareApp/app/ HTTP/1.1" 404 967
0:0:0:0:0:0:0:1 - - [27/Mar/2016:09:53:42 +0200] "GET /FCISquareApp/app/ HTTP/1.1" 404 967
0:0:0:0:0:0:0:1 - - [27/Mar/2016:09:53:42 +0200] "GET /FCISquareApp/app/ HTTP/1.1" 404 967
0:0:0:0:0:0:0:1 - - [27/Mar/2016:09:53:43 +0200] "GET /FCISquareApp/app/ HTTP/1.1" 404 967
0:0:0:0:0:0:0:1 - - [27/Mar/2016:09:53:43 +0200] "GET /FCISquareApp/app/ HTTP/1.1" 404 967
0:0:0:0:0:0:0:1 - - [27/Mar/2016:09:53:44 +0200] "GET /FCISquareApp/app/ HTTP/1.1" 404 967
0:0:0:0:0:0:0:1 - - [27/Mar/2016:10:13:07 +0200] "GET /FCISquareApp/app/Login HTTP/1.1" 404 967
0:0:0:0:0:0:0:1 - - [27/Mar/2016:10:13:14 +0200] "GET /FCISquareApp/app/signUp HTTP/1.1" 404 967
0:0:0:0:0:0:0:1 - - [27/Mar/2016:11:07:40 +0200] "GET /FCISquareApp/app/signUp HTTP/1.1" 404 967
0:0:0:0:0:0:0:1 - - [27/Mar/2016:11:08:20 +0200] "GET /FCISquareApp/app/signUp HTTP/1.1" 404 967
0:0:0:0:0:0:0:1 - - [27/Mar/2016:11:09:16 +0200] "GET /FCISquareApp/app/ HTTP/1.1" 404 967
0:0:0:0:0:0:0:1 - - [27/Mar/2016:11:13:03 +0200] "GET /FCISquareApp/app/ HTTP/1.1" 404 967
0:0:0:0:0:0:0:1 - - [27/Mar/2016:11:16:15 +0200] "GET /FCISquareApp/app/ HTTP/1.1" 404 967
0:0:0:0:0:0:0:1 - - [27/Mar/2016:11:16:18 +0200] "GET /FCISquareApp/app/ HTTP/1.1" 404 967
0:0:0:0:0:0:0:1 - - [27/Mar/2016:11:16:19 +0200] "GET /FCISquareApp/app/ HTTP/1.1" 404 967
0:0:0:0:0:0:0:1 - - [27/Mar/2016:11:17:29 +0200] "GET /FCISquareApp/app/ HTTP/1.1" 404 967
0:0:0:0:0:0:0:1 - - [27/Mar/2016:11:18:05 +0200] "GET /FCISquareApp/app/ HTTP/1.1" 404 967
0:0:0:0:0:0:0:1 - - [27/Mar/2016:11:18:06 +0200] "GET /FCISquareApp/app/ HTTP/1.1" 404 967
0:0:0:0:0:0:0:1 - - [27/Mar/2016:11:18:30 +0200] "GET /FCISquareApp/app/ HTTP/1.1" 404 967
0:0:0:0:0:0:0:1 - - [27/Mar/2016:11:18:31 +0200] "GET /FCISquareApp/app/ HTTP/1.1" 404 967
0:0:0:0:0:0:0:1 - - [27/Mar/2016:11:18:31 +0200] "GET /FCISquareApp/app/ HTTP/1.1" 404 967
0:0:0:0:0:0:0:1 - - [27/Mar/2016:11:18:31 +0200] "GET /FCISquareApp/app/ HTTP/1.1" 404 967
0:0:0:0:0:0:0:1 - - [27/Mar/2016:11:18:32 +0200] "GET /FCISquareApp/app/ HTTP/1.1" 404 967
0:0:0:0:0:0:0:1 - - [27/Mar/2016:11:18:32 +0200] "GET /FCISquareApp/app/ HTTP/1.1" 404 967
0:0:0:0:0:0:0:1 - - [27/Mar/2016:11:18:36 +0200] "GET /FCISquareApp/app/Login HTTP/1.1" 404 967
0:0:0:0:0:0:0:1 - - [27/Mar/2016:11:18:39 +0200] "GET /FCISquareApp/app/Login HTTP/1.1" 404 967
0:0:0:0:0:0:0:1 - - [27/Mar/2016:11:18:40 +0200] "GET /FCISquareApp/app/Login HTTP/1.1" 404 967
0:0:0:0:0:0:0:1 - - [27/Mar/2016:11:18:40 +0200] "GET /FCISquareApp/app/Login HTTP/1.1" 404 967
0:0:0:0:0:0:0:1 - - [27/Mar/2016:11:18:40 +0200] "GET /FCISquareApp/app/Login HTTP/1.1" 404 967
0:0:0:0:0:0:0:1 - - [27/Mar/2016:11:18:41 +0200] "GET /FCISquareApp/app/Login HTTP/1.1" 404 967
0:0:0:0:0:0:0:1 - - [27/Mar/2016:11:18:41 +0200] "GET /FCISquareApp/app/Login HTTP/1.1" 404 967
0:0:0:0:0:0:0:1 - - [27/Mar/2016:11:18:41 +0200] "GET /FCISquareApp/app/Login HTTP/1.1" 404 967
127.0.0.1 - - [27/Mar/2016:11:19:11 +0200] "GET / HTTP/1.1" 404 951
0:0:0:0:0:0:0:1 - - [27/Mar/2016:11:19:15 +0200] "GET /FCISquareApp/app/Login HTTP/1.1" 200 467
127.0.0.1 - - [27/Mar/2016:11:19:33 +0200] "POST /FCISquare/rest/login HTTP/1.1" 200 103
0:0:0:0:0:0:0:1 - - [27/Mar/2016:11:19:34 +0200] "POST /FCISquareApp/app/doLogin HTTP/1.1" 200 974
0:0:0:0:0:0:0:1 - - [27/Mar/2016:11:19:39 +0200] "GET /FCISquareApp/app/follow HTTP/1.1" 200 497
127.0.0.1 - - [27/Mar/2016:11:20:00 +0200] "POST /FCISquare/rest/follow HTTP/1.1" 200 15
0:0:0:0:0:0:0:1 - - [27/Mar/2016:11:20:00 +0200] "POST /FCISquareApp/app/dofollow HTTP/1.1" 200 952
0:0:0:0:0:0:0:1 - - [27/Mar/2016:11:23:37 +0200] "GET /FCISquareApp/app/showLocation HTTP/1.1" 200 1876
127.0.0.1 - - [27/Mar/2016:11:23:43 +0200] "POST /FCISquare/rest/follow HTTP/1.1" 200 16
0:0:0:0:0:0:0:1 - - [27/Mar/2016:11:23:43 +0200] "POST /FCISquareApp/app/dofollow HTTP/1.1" 200 952
127.0.0.1 - - [27/Mar/2016:11:23:44 +0200] "POST /FCISquare/rest/follow HTTP/1.1" 200 16
0:0:0:0:0:0:0:1 - - [27/Mar/2016:11:23:44 +0200] "POST /FCISquareApp/app/dofollow HTTP/1.1" 200 952
127.0.0.1 - - [27/Mar/2016:11:23:45 +0200] "POST /FCISquare/rest/follow HTTP/1.1" 200 16
0:0:0:0:0:0:0:1 - - [27/Mar/2016:11:23:45 +0200] "POST /FCISquareApp/app/dofollow HTTP/1.1" 200 952
127.0.0.1 - - [27/Mar/2016:11:23:51 +0200] "POST /FCISquare/rest/login HTTP/1.1" 200 103
0:0:0:0:0:0:0:1 - - [27/Mar/2016:11:23:51 +0200] "POST /FCISquareApp/app/doLogin HTTP/1.1" 200 974
127.0.0.1 - - [27/Mar/2016:11:25:00 +0200] "POST /FCISquare/rest/login HTTP/1.1" 200 103
0:0:0:0:0:0:0:1 - - [27/Mar/2016:11:25:00 +0200] "POST /FCISquareApp/app/doLogin HTTP/1.1" 200 1007
127.0.0.1 - - [27/Mar/2016:11:25:07 +0200] "POST /FCISquare/rest/login HTTP/1.1" 200 103
0:0:0:0:0:0:0:1 - - [27/Mar/2016:11:25:07 +0200] "POST /FCISquareApp/app/doLogin HTTP/1.1" 200 1005
127.0.0.1 - - [27/Mar/2016:14:39:18 +0200] "GET / HTTP/1.1" 404 951
127.0.0.1 - - [27/Mar/2016:14:39:19 +0200] "GET /FCISquareApp/app/Login HTTP/1.1" 200 467
127.0.0.1 - - [27/Mar/2016:14:39:20 +0200] "GET /favicon.ico HTTP/1.1" 404 973
127.0.0.1 - - [27/Mar/2016:14:39:31 +0200] "POST /FCISquare/rest/login HTTP/1.1" 404 967
127.0.0.1 - - [27/Mar/2016:14:39:31 +0200] "POST /FCISquareApp/app/doLogin HTTP/1.1" 500 4221
127.0.0.1 - - [27/Mar/2016:14:39:41 +0200] "POST /FCISquare/rest/login HTTP/1.1" 404 967
0:0:0:0:0:0:0:1 - - [27/Mar/2016:14:39:41 +0200] "POST /FCISquareApp/app/doLogin HTTP/1.1" 500 4221
127.0.0.1 - - [27/Mar/2016:14:39:53 +0200] "POST /FCISquare/rest/login HTTP/1.1" 404 967
0:0:0:0:0:0:0:1 - - [27/Mar/2016:14:39:53 +0200] "POST /FCISquareApp/app/doLogin HTTP/1.1" 500 4221
0:0:0:0:0:0:0:1 - - [27/Mar/2016:14:40:33 +0200] "GET /FCISquareApp/WEB-INF/jsp/home.jsp HTTP/1.1" 404 949
0:0:0:0:0:0:0:1 - - [27/Mar/2016:14:40:45 +0200] "GET /FCISquareApp/app/home.jsp HTTP/1.1" 404 967
0:0:0:0:0:0:0:1 - - [27/Mar/2016:14:40:54 +0200] "GET /FCISquareApp/app/home HTTP/1.1" 404 967
0:0:0:0:0:0:0:1 - - [27/Mar/2016:14:40:58 +0200] "GET /FCISquareApp/app/Login HTTP/1.1" 200 467
0:0:0:0:0:0:0:1 - - [27/Mar/2016:14:41:03 +0200] "GET /FCISquareApp/app/signUp HTTP/1.1" 200 505
127.0.0.1 - - [27/Mar/2016:14:41:12 +0200] "POST /FCISquare/rest/signup HTTP/1.1" 404 967
0:0:0:0:0:0:0:1 - - [27/Mar/2016:14:41:12 +0200] "POST /FCISquareApp/app/doSignUp HTTP/1.1" 500 4221
0:0:0:0:0:0:0:1 - - [27/Mar/2016:14:41:27 +0200] "GET /FCISquareApp/app/Login HTTP/1.1" 200 467
127.0.0.1 - - [27/Mar/2016:14:41:30 +0200] "POST /FCISquare/rest/login HTTP/1.1" 404 967
0:0:0:0:0:0:0:1 - - [27/Mar/2016:14:41:30 +0200] "POST /FCISquareApp/app/doLogin HTTP/1.1" 500 4221
127.0.0.1 - - [27/Mar/2016:14:41:42 +0200] "POST /FCISquare/rest/login HTTP/1.1" 404 967
0:0:0:0:0:0:0:1 - - [27/Mar/2016:14:41:42 +0200] "POST /FCISquareApp/app/doLogin HTTP/1.1" 500 4221
127.0.0.1 - - [27/Mar/2016:14:41:45 +0200] "POST /FCISquare/rest/login HTTP/1.1" 404 967
0:0:0:0:0:0:0:1 - - [27/Mar/2016:14:41:45 +0200] "POST /FCISquareApp/app/doLogin HTTP/1.1" 500 4221
0:0:0:0:0:0:0:1 - - [27/Mar/2016:14:43:00 +0200] "GET /FCISquareApp/app/signUp HTTP/1.1" 200 505
127.0.0.1 - - [27/Mar/2016:14:43:07 +0200] "POST /FCISquare/rest/signup HTTP/1.1" 404 967
0:0:0:0:0:0:0:1 - - [27/Mar/2016:14:43:07 +0200] "POST /FCISquareApp/app/doSignUp HTTP/1.1" 500 4221
127.0.0.1 - - [27/Mar/2016:14:44:27 +0200] "POST /FCISquare/rest/signup HTTP/1.1" 404 967
0:0:0:0:0:0:0:1 - - [27/Mar/2016:14:44:27 +0200] "POST /FCISquareApp/app/doSignUp HTTP/1.1" 500 4221
0:0:0:0:0:0:0:1 - - [27/Mar/2016:14:44:55 +0200] "GET /FCISquareApp/app/doLogin HTTP/1.1" 405 1013
0:0:0:0:0:0:0:1 - - [27/Mar/2016:14:45:01 +0200] "GET /FCISquareApp/app/Login HTTP/1.1" 200 467
127.0.0.1 - - [27/Mar/2016:14:45:03 +0200] "POST /FCISquare/rest/login HTTP/1.1" 404 967
0:0:0:0:0:0:0:1 - - [27/Mar/2016:14:45:03 +0200] "POST /FCISquareApp/app/doLogin HTTP/1.1" 500 4221
127.0.0.1 - - [27/Mar/2016:14:45:38 +0200] "POST /FCISquare/rest/login HTTP/1.1" 404 967
0:0:0:0:0:0:0:1 - - [27/Mar/2016:14:45:38 +0200] "POST /FCISquareApp/app/doLogin HTTP/1.1" 500 4221
127.0.0.1 - - [27/Mar/2016:15:06:12 +0200] "GET / HTTP/1.1" 404 951
0:0:0:0:0:0:0:1 - - [27/Mar/2016:15:06:13 +0200] "GET /FCISquareApp/WEB-INF/jsp/home.jsp HTTP/1.1" 404 949
0:0:0:0:0:0:0:1 - - [27/Mar/2016:15:06:25 +0200] "GET /FCISquareApp/app/Login HTTP/1.1" 200 467
127.0.0.1 - - [27/Mar/2016:15:06:28 +0200] "POST /FCISquare/rest/login HTTP/1.1" 200 103
0:0:0:0:0:0:0:1 - - [27/Mar/2016:15:06:29 +0200] "POST /FCISquareApp/app/doLogin HTTP/1.1" 200 968
127.0.0.1 - - [27/Mar/2016:15:23:04 +0200] "POST /FCISquare/rest/login HTTP/1.1" 200 103
0:0:0:0:0:0:0:1 - - [27/Mar/2016:15:23:04 +0200] "POST /FCISquareApp/app/doLogin HTTP/1.1" 200 996
127.0.0.1 - - [27/Mar/2016:15:23:13 +0200] "POST /FCISquare/rest/login HTTP/1.1" 200 103
0:0:0:0:0:0:0:1 - - [27/Mar/2016:15:23:13 +0200] "POST /FCISquareApp/app/doLogin HTTP/1.1" 500 10282
127.0.0.1 - - [27/Mar/2016:15:23:20 +0200] "POST /FCISquare/rest/login HTTP/1.1" 200 103
0:0:0:0:0:0:0:1 - - [27/Mar/2016:15:23:20 +0200] "POST /FCISquareApp/app/doLogin HTTP/1.1" 200 972
127.0.0.1 - - [27/Mar/2016:15:24:37 +0200] "POST /FCISquare/rest/login HTTP/1.1" 200 103
0:0:0:0:0:0:0:1 - - [27/Mar/2016:15:24:37 +0200] "POST /FCISquareApp/app/doLogin HTTP/1.1" 500 10621
127.0.0.1 - - [27/Mar/2016:15:24:51 +0200] "POST /FCISquare/rest/login HTTP/1.1" 200 103
0:0:0:0:0:0:0:1 - - [27/Mar/2016:15:24:51 +0200] "POST /FCISquareApp/app/doLogin HTTP/1.1" 200 973
127.0.0.1 - - [27/Mar/2016:15:25:23 +0200] "POST /FCISquare/rest/login HTTP/1.1" 200 103
0:0:0:0:0:0:0:1 - - [27/Mar/2016:15:25:23 +0200] "POST /FCISquareApp/app/doLogin HTTP/1.1" 200 973
127.0.0.1 - - [27/Mar/2016:15:25:29 +0200] "POST /FCISquare/rest/login HTTP/1.1" 200 103
0:0:0:0:0:0:0:1 - - [27/Mar/2016:15:25:29 +0200] "POST /FCISquareApp/app/doLogin HTTP/1.1" 200 973
127.0.0.1 - - [27/Mar/2016:15:25:32 +0200] "POST /FCISquare/rest/login HTTP/1.1" 200 103
0:0:0:0:0:0:0:1 - - [27/Mar/2016:15:25:32 +0200] "POST /FCISquareApp/app/doLogin HTTP/1.1" 200 973
0:0:0:0:0:0:0:1 - - [27/Mar/2016:15:26:09 +0200] "GET /FCISquareApp/app/Login HTTP/1.1" 200 467
127.0.0.1 - - [27/Mar/2016:15:26:12 +0200] "POST /FCISquare/rest/login HTTP/1.1" 200 103
0:0:0:0:0:0:0:1 - - [27/Mar/2016:15:26:12 +0200] "POST /FCISquareApp/app/doLogin HTTP/1.1" 500 10621
127.0.0.1 - - [27/Mar/2016:15:26:19 +0200] "POST /FCISquare/rest/login HTTP/1.1" 200 103
0:0:0:0:0:0:0:1 - - [27/Mar/2016:15:26:19 +0200] "POST /FCISquareApp/app/doLogin HTTP/1.1" 200 973
127.0.0.1 - - [27/Mar/2016:15:40:19 +0200] "POST /FCISquare/rest/login HTTP/1.1" 200 103
0:0:0:0:0:0:0:1 - - [27/Mar/2016:15:40:19 +0200] "POST /FCISquareApp/app/doLogin HTTP/1.1" 200 1058
127.0.0.1 - - [27/Mar/2016:16:02:53 +0200] "POST /FCISquare/rest/login HTTP/1.1" 200 103
0:0:0:0:0:0:0:1 - - [27/Mar/2016:16:02:54 +0200] "POST /FCISquareApp/app/doLogin HTTP/1.1" 200 1164
127.0.0.1 - - [27/Mar/2016:16:03:13 +0200] "POST /FCISquare/rest/login HTTP/1.1" 200 103
0:0:0:0:0:0:0:1 - - [27/Mar/2016:16:03:13 +0200] "POST /FCISquareApp/app/doLogin HTTP/1.1" 200 1167
127.0.0.1 - - [27/Mar/2016:16:03:46 +0200] "POST /FCISquare/rest/login HTTP/1.1" 200 103
0:0:0:0:0:0:0:1 - - [27/Mar/2016:16:03:46 +0200] "POST /FCISquareApp/app/doLogin HTTP/1.1" 200 1176
127.0.0.1 - - [27/Mar/2016:16:03:57 +0200] "POST /FCISquare/rest/login HTTP/1.1" 200 103
0:0:0:0:0:0:0:1 - - [27/Mar/2016:16:03:57 +0200] "POST /FCISquareApp/app/doLogin HTTP/1.1" 200 1167
127.0.0.1 - - [27/Mar/2016:16:04:13 +0200] "POST /FCISquare/rest/login HTTP/1.1" 200 103
0:0:0:0:0:0:0:1 - - [27/Mar/2016:16:04:13 +0200] "POST /FCISquareApp/app/doLogin HTTP/1.1" 200 1177
127.0.0.1 - - [27/Mar/2016:16:09:41 +0200] "POST /FCISquare/rest/login HTTP/1.1" 200 103
0:0:0:0:0:0:0:1 - - [27/Mar/2016:16:09:41 +0200] "POST /FCISquareApp/app/doLogin HTTP/1.1" 200 1166
127.0.0.1 - - [27/Mar/2016:16:09:44 +0200] "POST /FCISquare/rest/login HTTP/1.1" 200 103
0:0:0:0:0:0:0:1 - - [27/Mar/2016:16:09:44 +0200] "POST /FCISquareApp/app/doLogin HTTP/1.1" 200 1166
127.0.0.1 - - [27/Mar/2016:16:10:20 +0200] "POST /FCISquare/rest/login HTTP/1.1" 200 103
0:0:0:0:0:0:0:1 - - [27/Mar/2016:16:10:20 +0200] "POST /FCISquareApp/app/doLogin HTTP/1.1" 200 1168
127.0.0.1 - - [27/Mar/2016:16:10:27 +0200] "POST /FCISquare/rest/login HTTP/1.1" 200 103
0:0:0:0:0:0:0:1 - - [27/Mar/2016:16:10:27 +0200] "POST /FCISquareApp/app/doLogin HTTP/1.1" 200 1171
127.0.0.1 - - [27/Mar/2016:16:10:33 +0200] "POST /FCISquare/rest/login HTTP/1.1" 200 103
0:0:0:0:0:0:0:1 - - [27/Mar/2016:16:10:34 +0200] "POST /FCISquareApp/app/doLogin HTTP/1.1" 200 1173
127.0.0.1 - - [27/Mar/2016:16:10:59 +0200] "POST /FCISquare/rest/login HTTP/1.1" 200 103
0:0:0:0:0:0:0:1 - - [27/Mar/2016:16:10:59 +0200] "POST /FCISquareApp/app/doLogin HTTP/1.1" 200 1181
127.0.0.1 - - [27/Mar/2016:16:11:14 +0200] "POST /FCISquare/rest/login HTTP/1.1" 200 103
0:0:0:0:0:0:0:1 - - [27/Mar/2016:16:11:14 +0200] "POST /FCISquareApp/app/doLogin HTTP/1.1" 200 1189
0:0:0:0:0:0:0:1 - - [27/Mar/2016:16:20:26 +0200] "GET /FCISquareApp/app/showLocation HTTP/1.1" 200 1876
0:0:0:0:0:0:0:1 - - [27/Mar/2016:16:23:18 +0200] "GET /FCISquareApp/app/ HTTP/1.1" 200 553
0:0:0:0:0:0:0:1 - - [27/Mar/2016:16:23:20 +0200] "GET /FCISquareApp/app/signUp HTTP/1.1" 200 505
127.0.0.1 - - [27/Mar/2016:16:23:36 +0200] "POST /FCISquare/rest/signup HTTP/1.1" 200 113
0:0:0:0:0:0:0:1 - - [27/Mar/2016:16:23:37 +0200] "POST /FCISquareApp/app/doSignUp HTTP/1.1" 200 1214
127.0.0.1 - - [27/Mar/2016:16:31:32 +0200] "POST /FCISquare/rest/signup HTTP/1.1" 200 113
0:0:0:0:0:0:0:1 - - [27/Mar/2016:16:31:32 +0200] "POST /FCISquareApp/app/doSignUp HTTP/1.1" 200 1214
0:0:0:0:0:0:0:1 - - [27/Mar/2016:16:32:36 +0200] "POST /FCISquare/rest/signup HTTP/1.1" 200 108
0:0:0:0:0:0:0:1 - - [27/Mar/2016:16:34:09 +0200] "POST /FCISquare/rest/signup HTTP/1.1" 200 87
0:0:0:0:0:0:0:1 - - [27/Mar/2016:16:35:35 +0200] "POST /FCISquare/rest/signup HTTP/1.1" 200 108
0:0:0:0:0:0:0:1 - - [27/Mar/2016:16:38:58 +0200] "POST /FCISquare/rest/signup HTTP/1.1" 200 108
127.0.0.1 - - [27/Mar/2016:16:39:31 +0200] "POST /FCISquare/rest/signup HTTP/1.1" 200 113
0:0:0:0:0:0:0:1 - - [27/Mar/2016:16:39:31 +0200] "POST /FCISquareApp/app/doSignUp HTTP/1.1" 200 1214
127.0.0.1 - - [27/Mar/2016:16:43:02 +0200] "POST /FCISquare/rest/signup HTTP/1.1" 200 113
0:0:0:0:0:0:0:1 - - [27/Mar/2016:16:43:02 +0200] "POST /FCISquareApp/app/doSignUp HTTP/1.1" 200 1214
0:0:0:0:0:0:0:1 - - [27/Mar/2016:16:43:46 +0200] "POST /FCISquare/rest/signup HTTP/1.1" 200 98
0:0:0:0:0:0:0:1 - - [27/Mar/2016:16:45:07 +0200] "POST /FCISquare/rest/signup HTTP/1.1" 500 5815
0:0:0:0:0:0:0:1 - - [27/Mar/2016:16:47:26 +0200] "POST /FCISquare/rest/signup HTTP/1.1" 200 98
0:0:0:0:0:0:0:1 - - [27/Mar/2016:16:49:04 +0200] "POST /FCISquare/rest/follow HTTP/1.1" 200 15
0:0:0:0:0:0:0:1 - - [27/Mar/2016:17:00:04 +0200] "POST /FCISquare/rest/signup HTTP/1.1" 500 4022
0:0:0:0:0:0:0:1 - - [27/Mar/2016:17:00:31 +0200] "POST /FCISquare/rest/signup HTTP/1.1" 500 4022
0:0:0:0:0:0:0:1 - - [27/Mar/2016:17:00:34 +0200] "POST /FCISquare/rest/signup HTTP/1.1" 200 110
0:0:0:0:0:0:0:1 - - [27/Mar/2016:17:01:32 +0200] "POST /FCISquare/rest/signup HTTP/1.1" 200 110
0:0:0:0:0:0:0:1 - - [27/Mar/2016:17:02:16 +0200] "POST /FCISquare/rest/signup HTTP/1.1" 500 4022
0:0:0:0:0:0:0:1 - - [27/Mar/2016:17:02:19 +0200] "POST /FCISquare/rest/signup HTTP/1.1" 500 4022
127.0.0.1 - - [27/Mar/2016:17:02:38 +0200] "GET / HTTP/1.1" 404 951
0:0:0:0:0:0:0:1 - - [27/Mar/2016:17:02:39 +0200] "GET /FCISquare/WEB-INF/classes/com/models/UserModel.java HTTP/1.1" 404 949
0:0:0:0:0:0:0:1 - - [27/Mar/2016:17:02:47 +0200] "POST /FCISquare/rest/signup HTTP/1.1" 500 4022
0:0:0:0:0:0:0:1 - - [27/Mar/2016:17:02:57 +0200] "POST /FCISquare/rest/signup HTTP/1.1" 500 4022
0:0:0:0:0:0:0:1 - - [27/Mar/2016:17:02:59 +0200] "POST /FCISquare/rest/signup HTTP/1.1" 500 4022
0:0:0:0:0:0:0:1 - - [27/Mar/2016:17:03:32 +0200] "POST /FCISquare/rest/signup HTTP/1.1" 500 4022
0:0:0:0:0:0:0:1 - - [27/Mar/2016:17:03:33 +0200] "POST /FCISquare/rest/signup HTTP/1.1" 500 4022
0:0:0:0:0:0:0:1 - - [27/Mar/2016:17:03:34 +0200] "POST /FCISquare/rest/signup HTTP/1.1" 500 4022
0:0:0:0:0:0:0:1 - - [27/Mar/2016:17:03:40 +0200] "POST /FCISquare/rest/signup HTTP/1.1" 200 101
0:0:0:0:0:0:0:1 - - [27/Mar/2016:17:04:03 +0200] "POST /FCISquare/rest/signup HTTP/1.1" 200 101
0:0:0:0:0:0:0:1 - - [27/Mar/2016:17:04:04 +0200] "POST /FCISquare/rest/signup HTTP/1.1" 200 101
0:0:0:0:0:0:0:1 - - [27/Mar/2016:17:04:09 +0200] "POST /FCISquare/rest/signup HTTP/1.1" 200 101
0:0:0:0:0:0:0:1 - - [27/Mar/2016:17:04:14 +0200] "POST /FCISquare/rest/signup HTTP/1.1" 200 110
0:0:0:0:0:0:0:1 - - [27/Mar/2016:17:04:15 +0200] "POST /FCISquare/rest/signup HTTP/1.1" 200 110
0:0:0:0:0:0:0:1 - - [27/Mar/2016:17:04:16 +0200] "POST /FCISquare/rest/signup HTTP/1.1" 200 110
0:0:0:0:0:0:0:1 - - [27/Mar/2016:17:04:21 +0200] "POST /FCISquare/rest/signup HTTP/1.1" 200 110
0:0:0:0:0:0:0:1 - - [27/Mar/2016:17:04:29 +0200] "POST /FCISquare/rest/signup HTTP/1.1" 200 110
0:0:0:0:0:0:0:1 - - [27/Mar/2016:17:04:31 +0200] "POST /FCISquare/rest/signup HTTP/1.1" 200 110
0:0:0:0:0:0:0:1 - - [27/Mar/2016:17:05:44 +0200] "POST /FCISquare/rest/signup HTTP/1.1" 500 4022
0:0:0:0:0:0:0:1 - - [27/Mar/2016:17:06:12 +0200] "POST /FCISquare/rest/signup HTTP/1.1" 500 4022
0:0:0:0:0:0:0:1 - - [27/Mar/2016:17:06:56 +0200] "POST /FCISquare/rest/signup HTTP/1.1" 500 4022
0:0:0:0:0:0:0:1 - - [27/Mar/2016:17:07:09 +0200] "POST /FCISquare/rest/signup HTTP/1.1" 500 4022
0:0:0:0:0:0:0:1 - - [27/Mar/2016:17:07:10 +0200] "POST /FCISquare/rest/signup HTTP/1.1" 500 4022
0:0:0:0:0:0:0:1 - - [27/Mar/2016:17:08:04 +0200] "POST /FCISquare/rest/signup HTTP/1.1" 200 110
127.0.0.1 - - [27/Mar/2016:17:08:39 +0200] "POST /FCISquare/rest/signup HTTP/1.1" 200 113
0:0:0:0:0:0:0:1 - - [27/Mar/2016:17:08:39 +0200] "POST /FCISquareApp/app/doSignUp HTTP/1.1" 200 1214
0:0:0:0:0:0:0:1 - - [27/Mar/2016:17:08:46 +0200] "GET /FCISquareApp/app/follow HTTP/1.1" 200 524
127.0.0.1 - - [27/Mar/2016:17:09:06 +0200] "POST /FCISquare/rest/follow HTTP/1.1" 200 15
0:0:0:0:0:0:0:1 - - [27/Mar/2016:17:09:06 +0200] "POST /FCISquareApp/app/dofollow HTTP/1.1" 200 1192
127.0.0.1 - - [27/Mar/2016:17:12:28 +0200] "POST /FCISquare/rest/signup HTTP/1.1" 200 113
0:0:0:0:0:0:0:1 - - [27/Mar/2016:17:12:28 +0200] "POST /FCISquareApp/app/doSignUp HTTP/1.1" 200 1214
0:0:0:0:0:0:0:1 - - [27/Mar/2016:17:14:11 +0200] "GET /FCISquareApp/app/follow HTTP/1.1" 200 524
127.0.0.1 - - [27/Mar/2016:17:14:26 +0200] "POST /FCISquare/rest/follow HTTP/1.1" 200 15
0:0:0:0:0:0:0:1 - - [27/Mar/2016:17:14:26 +0200] "POST /FCISquareApp/app/dofollow HTTP/1.1" 200 1192
127.0.0.1 - - [27/Mar/2016:17:16:16 +0200] "POST /FCISquare/rest/signup HTTP/1.1" 200 113
0:0:0:0:0:0:0:1 - - [27/Mar/2016:17:16:16 +0200] "POST /FCISquareApp/app/doSignUp HTTP/1.1" 200 1214
0:0:0:0:0:0:0:1 - - [27/Mar/2016:17:16:17 +0200] "GET /FCISquareApp/app/follow HTTP/1.1" 200 524
127.0.0.1 - - [27/Mar/2016:17:16:38 +0200] "POST /FCISquare/rest/follow HTTP/1.1" 200 15
0:0:0:0:0:0:0:1 - - [27/Mar/2016:17:16:38 +0200] "POST /FCISquareApp/app/dofollow HTTP/1.1" 200 1154
127.0.0.1 - - [27/Mar/2016:17:17:20 +0200] "GET / HTTP/1.1" 404 951
0:0:0:0:0:0:0:1 - - [27/Mar/2016:17:17:21 +0200] "GET /FCISquareApp/WEB-INF/jsp/home.jsp HTTP/1.1" 404 949
0:0:0:0:0:0:0:1 - - [27/Mar/2016:17:17:25 +0200] "GET /FCISquareApp/app/follow HTTP/1.1" 200 505
127.0.0.1 - - [27/Mar/2016:17:17:34 +0200] "POST /FCISquare/rest/follow HTTP/1.1" 500 4022
0:0:0:0:0:0:0:1 - - [27/Mar/2016:17:17:34 +0200] "POST /FCISquareApp/app/dofollow HTTP/1.1" 500 4217
127.0.0.1 - - [27/Mar/2016:17:17:40 +0200] "POST /FCISquare/rest/follow HTTP/1.1" 500 4022
0:0:0:0:0:0:0:1 - - [27/Mar/2016:17:17:40 +0200] "POST /FCISquareApp/app/dofollow HTTP/1.1" 500 4217
127.0.0.1 - - [27/Mar/2016:17:18:14 +0200] "POST /FCISquare/rest/follow HTTP/1.1" 500 4022
0:0:0:0:0:0:0:1 - - [27/Mar/2016:17:18:14 +0200] "POST /FCISquareApp/app/dofollow HTTP/1.1" 500 4217
0:0:0:0:0:0:0:1 - - [27/Mar/2016:17:21:49 +0200] "GET /FCISquareApp/app/follow HTTP/1.1" 200 544
127.0.0.1 - - [27/Mar/2016:17:21:59 +0200] "POST /FCISquare/rest/signup HTTP/1.1" 200 113
0:0:0:0:0:0:0:1 - - [27/Mar/2016:17:21:59 +0200] "POST /FCISquareApp/app/doSignUp HTTP/1.1" 200 1214
0:0:0:0:0:0:0:1 - - [27/Mar/2016:17:22:00 +0200] "GET /FCISquareApp/app/follow HTTP/1.1" 200 563
0:0:0:0:0:0:0:1 - - [27/Mar/2016:17:22:02 +0200] "GET /FCISquareApp/app/home.jsp HTTP/1.1" 404 967
0:0:0:0:0:0:0:1 - - [27/Mar/2016:17:22:33 +0200] "GET /FCISquareApp/app/follow HTTP/1.1" 200 581
0:0:0:0:0:0:0:1 - - [27/Mar/2016:17:22:35 +0200] "GET /FCISquareApp/app/home.jsp HTTP/1.1" 404 967
127.0.0.1 - - [27/Mar/2016:17:24:30 +0200] "POST /FCISquare/rest/signup HTTP/1.1" 200 113
0:0:0:0:0:0:0:1 - - [27/Mar/2016:17:24:30 +0200] "POST /FCISquareApp/app/doSignUp HTTP/1.1" 200 1252
127.0.0.1 - - [27/Mar/2016:17:26:16 +0200] "POST /FCISquare/rest/signup HTTP/1.1" 200 113
0:0:0:0:0:0:0:1 - - [27/Mar/2016:17:26:16 +0200] "POST /FCISquareApp/app/doSignUp HTTP/1.1" 200 1236
127.0.0.1 - - [27/Mar/2016:17:26:38 +0200] "POST /FCISquare/rest/signup HTTP/1.1" 200 113
0:0:0:0:0:0:0:1 - - [27/Mar/2016:17:26:39 +0200] "POST /FCISquareApp/app/doSignUp HTTP/1.1" 200 1199
127.0.0.1 - - [27/Mar/2016:17:26:49 +0200] "POST /FCISquare/rest/signup HTTP/1.1" 200 113
0:0:0:0:0:0:0:1 - - [27/Mar/2016:17:26:49 +0200] "POST /FCISquareApp/app/doSignUp HTTP/1.1" 200 1214
127.0.0.1 - - [27/Mar/2016:17:26:57 +0200] "POST /FCISquare/rest/signup HTTP/1.1" 200 113
0:0:0:0:0:0:0:1 - - [27/Mar/2016:17:26:57 +0200] "POST /FCISquareApp/app/doSignUp HTTP/1.1" 200 1213
0:0:0:0:0:0:0:1 - - [27/Mar/2016:17:28:08 +0200] "GET /FCISquareApp/app/unfollow HTTP/1.1" 200 539
127.0.0.1 - - [27/Mar/2016:17:28:25 +0200] "POST /FCISquare/rest/unfollow HTTP/1.1" 200 15
0:0:0:0:0:0:0:1 - - [27/Mar/2016:17:28:25 +0200] "POST /FCISquareApp/app/dounfollow HTTP/1.1" 200 1157
127.0.0.1 - - [27/Mar/2016:17:51:05 +0200] "POST /FCISquare/rest/signup HTTP/1.1" 200 113
0:0:0:0:0:0:0:1 - - [27/Mar/2016:17:51:05 +0200] "POST /FCISquareApp/app/doSignUp HTTP/1.1" 200 1213
0:0:0:0:0:0:0:1 - - [27/Mar/2016:17:51:08 +0200] "GET /FCISquareApp/app/follow HTTP/1.1" 200 584
127.0.0.1 - - [27/Mar/2016:17:51:51 +0200] "POST /FCISquare/rest/follow HTTP/1.1" 200 113
0:0:0:0:0:0:0:1 - - [27/Mar/2016:17:51:51 +0200] "POST /FCISquareApp/app/dofollow HTTP/1.1" 200 584
0:0:0:0:0:0:0:1 - - [27/Mar/2016:17:52:24 +0200] "GET /FCISquareApp/app/unfollow HTTP/1.1" 200 539
127.0.0.1 - - [27/Mar/2016:17:52:29 +0200] "POST /FCISquare/rest/unfollow HTTP/1.1" 200 127
0:0:0:0:0:0:0:1 - - [27/Mar/2016:17:52:29 +0200] "POST /FCISquareApp/app/dounfollow HTTP/1.1" 200 1213
0:0:0:0:0:0:0:1 - - [27/Mar/2016:17:52:38 +0200] "GET /FCISquareApp/app/unfollow HTTP/1.1" 200 539
127.0.0.1 - - [27/Mar/2016:17:53:16 +0200] "POST /FCISquare/rest/unfollow HTTP/1.1" 200 127
0:0:0:0:0:0:0:1 - - [27/Mar/2016:17:53:16 +0200] "POST /FCISquareApp/app/dounfollow HTTP/1.1" 200 1213
0:0:0:0:0:0:0:1 - - [27/Mar/2016:17:53:44 +0200] "GET /FCISquareApp/app/unfollow HTTP/1.1" 200 539
127.0.0.1 - - [27/Mar/2016:17:53:47 +0200] "POST /FCISquare/rest/unfollow HTTP/1.1" 200 127
0:0:0:0:0:0:0:1 - - [27/Mar/2016:17:53:47 +0200] "POST /FCISquareApp/app/dounfollow HTTP/1.1" 200 1213
127.0.0.1 - - [27/Mar/2016:17:57:45 +0200] "POST /FCISquare/rest/getfollowers HTTP/1.1" 200 2
0:0:0:0:0:0:0:1 - - [27/Mar/2016:17:57:45 +0200] "POST /FCISquareApp/app/doGetFollowers HTTP/1.1" 500 7587
127.0.0.1 - - [27/Mar/2016:17:59:49 +0200] "POST /FCISquare/rest/getfollowers HTTP/1.1" 200 2
0:0:0:0:0:0:0:1 - - [27/Mar/2016:17:59:49 +0200] "POST /FCISquareApp/app/doGetFollowers HTTP/1.1" 500 4330
127.0.0.1 - - [27/Mar/2016:18:22:23 +0200] "POST /FCISquare/rest/getfollowers HTTP/1.1" 200 2
0:0:0:0:0:0:0:1 - - [27/Mar/2016:18:22:23 +0200] "POST /FCISquareApp/app/doGetFollowers HTTP/1.1" 500 4330
127.0.0.1 - - [27/Mar/2016:18:23:09 +0200] "POST /FCISquare/rest/getfollowers HTTP/1.1" 200 2
0:0:0:0:0:0:0:1 - - [27/Mar/2016:18:23:09 +0200] "POST /FCISquareApp/app/doGetFollowers HTTP/1.1" 500 4330
127.0.0.1 - - [27/Mar/2016:18:23:41 +0200] "POST /FCISquare/rest/getfollowers HTTP/1.1" 200 2
0:0:0:0:0:0:0:1 - - [27/Mar/2016:18:23:41 +0200] "POST /FCISquareApp/app/doGetFollowers HTTP/1.1" 200 333
127.0.0.1 - - [27/Mar/2016:18:24:11 +0200] "POST /FCISquare/rest/getfollowers HTTP/1.1" 200 2
0:0:0:0:0:0:0:1 - - [27/Mar/2016:18:24:11 +0200] "POST /FCISquareApp/app/doGetFollowers HTTP/1.1" 200 333
127.0.0.1 - - [27/Mar/2016:18:24:14 +0200] "POST /FCISquare/rest/getfollowers HTTP/1.1" 200 2
0:0:0:0:0:0:0:1 - - [27/Mar/2016:18:24:14 +0200] "POST /FCISquareApp/app/doGetFollowers HTTP/1.1" 200 333
127.0.0.1 - - [27/Mar/2016:18:24:42 +0200] "POST /FCISquare/rest/getfollowers HTTP/1.1" 200 2
0:0:0:0:0:0:0:1 - - [27/Mar/2016:18:24:42 +0200] "POST /FCISquareApp/app/doGetFollowers HTTP/1.1" 200 333
0:0:0:0:0:0:0:1 - - [27/Mar/2016:18:44:16 +0200] "POST /FCISquare/rest/getfollowers HTTP/1.1" 200 2
0:0:0:0:0:0:0:1 - - [27/Mar/2016:18:44:48 +0200] "POST /FCISquare/rest/getfollowers HTTP/1.1" 200 129
0:0:0:0:0:0:0:1 - - [27/Mar/2016:18:45:02 +0200] "POST /FCISquare/rest/getfollowers HTTP/1.1" 200 129
127.0.0.1 - - [27/Mar/2016:18:45:28 +0200] "GET / HTTP/1.1" 404 951
0:0:0:0:0:0:0:1 - - [27/Mar/2016:18:45:29 +0200] "GET /FCISquare/WEB-INF/classes/com/services/Services.java HTTP/1.1" 404 949
0:0:0:0:0:0:0:1 - - [27/Mar/2016:18:45:30 +0200] "POST /FCISquare/rest/getfollowers HTTP/1.1" 200 201
127.0.0.1 - - [27/Mar/2016:18:46:34 +0200] "POST /FCISquare/rest/getfollowers HTTP/1.1" 200 2
0:0:0:0:0:0:0:1 - - [27/Mar/2016:18:46:34 +0200] "POST /FCISquareApp/app/doGetFollowers HTTP/1.1" 200 333
127.0.0.1 - - [27/Mar/2016:18:47:20 +0200] "POST /FCISquare/rest/getfollowers HTTP/1.1" 200 2
0:0:0:0:0:0:0:1 - - [27/Mar/2016:18:47:20 +0200] "POST /FCISquareApp/app/doGetFollowers HTTP/1.1" 200 333
127.0.0.1 - - [27/Mar/2016:18:47:45 +0200] "POST /FCISquare/rest/getfollowers HTTP/1.1" 200 2
0:0:0:0:0:0:0:1 - - [27/Mar/2016:18:47:45 +0200] "POST /FCISquareApp/app/doGetFollowers HTTP/1.1" 200 333
0:0:0:0:0:0:0:1 - - [27/Mar/2016:18:50:12 +0200] "POST /FCISquare/rest/getfollowers HTTP/1.1" 200 88
127.0.0.1 - - [27/Mar/2016:18:51:15 +0200] "POST /FCISquare/rest/getfollowers HTTP/1.1" 200 -
0:0:0:0:0:0:0:1 - - [27/Mar/2016:18:51:15 +0200] "POST /FCISquareApp/app/doGetFollowers HTTP/1.1" 200 331
0:0:0:0:0:0:0:1 - - [27/Mar/2016:18:52:34 +0200] "GET /FCISquareApp/app/ HTTP/1.1" 200 553
0:0:0:0:0:0:0:1 - - [27/Mar/2016:18:52:35 +0200] "GET /FCISquareApp/app/Login HTTP/1.1" 200 467
127.0.0.1 - - [27/Mar/2016:18:53:00 +0200] "POST /FCISquare/rest/login HTTP/1.1" 200 82
0:0:0:0:0:0:0:1 - - [27/Mar/2016:18:53:00 +0200] "POST /FCISquareApp/app/doLogin HTTP/1.1" 200 1175
127.0.0.1 - - [27/Mar/2016:18:53:13 +0200] "POST /FCISquare/rest/login HTTP/1.1" 200 82
0:0:0:0:0:0:0:1 - - [27/Mar/2016:18:53:13 +0200] "POST /FCISquareApp/app/doLogin HTTP/1.1" 200 1151
127.0.0.1 - - [27/Mar/2016:18:53:19 +0200] "POST /FCISquare/rest/getfollowers HTTP/1.1" 200 108
0:0:0:0:0:0:0:1 - - [27/Mar/2016:18:53:19 +0200] "POST /FCISquareApp/app/doGetFollowers HTTP/1.1" 200 435
127.0.0.1 - - [27/Mar/2016:18:54:16 +0200] "POST /FCISquare/rest/getfollowers HTTP/1.1" 200 152
0:0:0:0:0:0:0:1 - - [27/Mar/2016:18:54:16 +0200] "POST /FCISquareApp/app/doGetFollowers HTTP/1.1" 200 475
127.0.0.1 - - [27/Mar/2016:18:54:40 +0200] "POST /FCISquare/rest/getfollowers HTTP/1.1" 200 152
0:0:0:0:0:0:0:1 - - [27/Mar/2016:18:54:40 +0200] "POST /FCISquareApp/app/doGetFollowers HTTP/1.1" 200 475
127.0.0.1 - - [27/Mar/2016:18:54:43 +0200] "POST /FCISquare/rest/getfollowers HTTP/1.1" 200 152
0:0:0:0:0:0:0:1 - - [27/Mar/2016:18:54:43 +0200] "POST /FCISquareApp/app/doGetFollowers HTTP/1.1" 200 475
127.0.0.1 - - [27/Mar/2016:18:55:06 +0200] "GET / HTTP/1.1" 404 951
0:0:0:0:0:0:0:1 - - [27/Mar/2016:18:55:06 +0200] "GET /FCISquare/WEB-INF/classes/com/services/Services.java HTTP/1.1" 404 949
127.0.0.1 - - [27/Mar/2016:18:55:22 +0200] "GET / HTTP/1.1" 404 951
127.0.0.1 - - [27/Mar/2016:18:55:24 +0200] "POST /FCISquare/rest/getfollowers HTTP/1.1" 200 180
0:0:0:0:0:0:0:1 - - [27/Mar/2016:18:55:25 +0200] "POST /FCISquareApp/app/doGetFollowers HTTP/1.1" 200 499
127.0.0.1 - - [27/Mar/2016:18:55:45 +0200] "POST /FCISquare/rest/getfollowers HTTP/1.1" 200 196
0:0:0:0:0:0:0:1 - - [27/Mar/2016:18:55:45 +0200] "POST /FCISquareApp/app/doGetFollowers HTTP/1.1" 200 515
127.0.0.1 - - [27/Mar/2016:18:56:20 +0200] "POST /FCISquare/rest/getfollowers HTTP/1.1" 200 176
0:0:0:0:0:0:0:1 - - [27/Mar/2016:18:56:20 +0200] "POST /FCISquareApp/app/doGetFollowers HTTP/1.1" 200 507
127.0.0.1 - - [27/Mar/2016:18:56:40 +0200] "GET / HTTP/1.1" 404 951
127.0.0.1 - - [27/Mar/2016:18:56:42 +0200] "POST /FCISquare/rest/getfollowers HTTP/1.1" 200 180
0:0:0:0:0:0:0:1 - - [27/Mar/2016:18:56:42 +0200] "POST /FCISquareApp/app/doGetFollowers HTTP/1.1" 200 511
127.0.0.1 - - [27/Mar/2016:18:57:06 +0200] "POST /FCISquare/rest/getLocation HTTP/1.1" 200 24
0:0:0:0:0:0:0:1 - - [27/Mar/2016:18:57:06 +0200] "POST /FCISquareApp/app/getLastPositionOfUser HTTP/1.1" 500 7771
127.0.0.1 - - [27/Mar/2016:19:06:31 +0200] "POST /FCISquare/rest/login HTTP/1.1" 200 82
0:0:0:0:0:0:0:1 - - [27/Mar/2016:19:06:32 +0200] "POST /FCISquareApp/app/doLogin HTTP/1.1" 200 1151
127.0.0.1 - - [27/Mar/2016:19:06:34 +0200] "POST /FCISquare/rest/getLocation HTTP/1.1" 200 82
0:0:0:0:0:0:0:1 - - [27/Mar/2016:19:06:34 +0200] "POST /FCISquareApp/app/getLastPositionOfUser HTTP/1.1" 200 369
127.0.0.1 - - [27/Mar/2016:19:09:33 +0200] "POST /FCISquare/rest/getLocation HTTP/1.1" 200 82
0:0:0:0:0:0:0:1 - - [27/Mar/2016:19:09:33 +0200] "POST /FCISquareApp/app/getLastPositionOfUser HTTP/1.1" 200 377
127.0.0.1 - - [27/Mar/2016:19:10:33 +0200] "POST /FCISquare/rest/getfollowers HTTP/1.1" 200 180
0:0:0:0:0:0:0:1 - - [27/Mar/2016:19:10:33 +0200] "POST /FCISquareApp/app/doGetFollowers HTTP/1.1" 200 511
127.0.0.1 - - [27/Mar/2016:19:10:37 +0200] "POST /FCISquare/rest/getLocation HTTP/1.1" 200 82
0:0:0:0:0:0:0:1 - - [27/Mar/2016:19:10:37 +0200] "POST /FCISquareApp/app/getLastPositionOfUser HTTP/1.1" 500 11341
127.0.0.1 - - [27/Mar/2016:19:10:45 +0200] "POST /FCISquare/rest/getLocation HTTP/1.1" 200 82
0:0:0:0:0:0:0:1 - - [27/Mar/2016:19:10:45 +0200] "POST /FCISquareApp/app/getLastPositionOfUser HTTP/1.1" 200 377
127.0.0.1 - - [27/Mar/2016:19:13:10 +0200] "POST /FCISquare/rest/getLocation HTTP/1.1" 200 82
0:0:0:0:0:0:0:1 - - [27/Mar/2016:19:13:10 +0200] "POST /FCISquareApp/app/getLastPositionOfUser HTTP/1.1" 500 4262
127.0.0.1 - - [27/Mar/2016:19:13:20 +0200] "POST /FCISquare/rest/getLocation HTTP/1.1" 200 82
0:0:0:0:0:0:0:1 - - [27/Mar/2016:19:13:20 +0200] "POST /FCISquareApp/app/getLastPositionOfUser HTTP/1.1" 500 4262
127.0.0.1 - - [27/Mar/2016:19:13:51 +0200] "GET / HTTP/1.1" 404 951
127.0.0.1 - - [27/Mar/2016:19:13:54 +0200] "POST /FCISquare/rest/getLocation HTTP/1.1" 200 82
0:0:0:0:0:0:0:1 - - [27/Mar/2016:19:13:54 +0200] "POST /FCISquareApp/app/getLastPositionOfUser HTTP/1.1" 500 4262
127.0.0.1 - - [27/Mar/2016:19:14:19 +0200] "POST /FCISquare/rest/getLocation HTTP/1.1" 200 82
0:0:0:0:0:0:0:1 - - [27/Mar/2016:19:14:19 +0200] "POST /FCISquareApp/app/getLastPositionOfUser HTTP/1.1" 500 4262
127.0.0.1 - - [27/Mar/2016:19:14:38 +0200] "POST /FCISquare/rest/getLocation HTTP/1.1" 200 82
0:0:0:0:0:0:0:1 - - [27/Mar/2016:19:14:38 +0200] "POST /FCISquareApp/app/getLastPositionOfUser HTTP/1.1" 500 4262
127.0.0.1 - - [27/Mar/2016:19:14:56 +0200] "POST /FCISquare/rest/login HTTP/1.1" 200 82
0:0:0:0:0:0:0:1 - - [27/Mar/2016:19:14:56 +0200] "POST /FCISquareApp/app/doLogin HTTP/1.1" 200 1151
127.0.0.1 - - [27/Mar/2016:19:14:58 +0200] "POST /FCISquare/rest/getLocation HTTP/1.1" 200 82
0:0:0:0:0:0:0:1 - - [27/Mar/2016:19:14:58 +0200] "POST /FCISquareApp/app/getLastPositionOfUser HTTP/1.1" 500 4262
127.0.0.1 - - [27/Mar/2016:19:15:19 +0200] "POST /FCISquare/rest/getLocation HTTP/1.1" 200 82
0:0:0:0:0:0:0:1 - - [27/Mar/2016:19:15:19 +0200] "POST /FCISquareApp/app/getLastPositionOfUser HTTP/1.1" 500 4262
127.0.0.1 - - [27/Mar/2016:19:16:07 +0200] "POST /FCISquare/rest/getLocation HTTP/1.1" 200 82
0:0:0:0:0:0:0:1 - - [27/Mar/2016:19:16:07 +0200] "POST /FCISquareApp/app/getLastPositionOfUser HTTP/1.1" 500 4262
127.0.0.1 - - [27/Mar/2016:19:16:26 +0200] "GET / HTTP/1.1" 404 951
127.0.0.1 - - [27/Mar/2016:19:16:35 +0200] "POST /FCISquare/rest/getLocation HTTP/1.1" 200 82
0:0:0:0:0:0:0:1 - - [27/Mar/2016:19:16:35 +0200] "POST /FCISquareApp/app/getLastPositionOfUser HTTP/1.1" 500 4262
127.0.0.1 - - [27/Mar/2016:19:17:15 +0200] "POST /FCISquare/rest/getLocation HTTP/1.1" 200 82
0:0:0:0:0:0:0:1 - - [27/Mar/2016:19:17:15 +0200] "POST /FCISquareApp/app/getLastPositionOfUser HTTP/1.1" 500 4262
127.0.0.1 - - [27/Mar/2016:19:17:30 +0200] "POST /FCISquare/rest/getLocation HTTP/1.1" 200 82
0:0:0:0:0:0:0:1 - - [27/Mar/2016:19:17:30 +0200] "POST /FCISquareApp/app/getLastPositionOfUser HTTP/1.1" 200 373
127.0.0.1 - - [27/Mar/2016:19:17:49 +0200] "POST /FCISquare/rest/getLocation HTTP/1.1" 200 82
0:0:0:0:0:0:0:1 - - [27/Mar/2016:19:17:49 +0200] "POST /FCISquareApp/app/getLastPositionOfUser HTTP/1.1" 200 377
127.0.0.1 - - [27/Mar/2016:19:19:34 +0200] "POST /FCISquare/rest/getLocation HTTP/1.1" 200 82
127.0.0.1 - - [27/Mar/2016:19:19:34 +0200] "POST /FCISquare/rest/getLocation HTTP/1.1" 200 82
0:0:0:0:0:0:0:1 - - [27/Mar/2016:19:19:34 +0200] "POST /FCISquareApp/app/getLastPositionOfUser HTTP/1.1" 500 8302
127.0.0.1 - - [27/Mar/2016:19:20:08 +0200] "POST /FCISquare/rest/getLocation HTTP/1.1" 200 82
0:0:0:0:0:0:0:1 - - [27/Mar/2016:19:20:08 +0200] "POST /FCISquareApp/app/getLastPositionOfUser HTTP/1.1" 500 8302
127.0.0.1 - - [27/Mar/2016:19:20:28 +0200] "POST /FCISquare/rest/getLocation HTTP/1.1" 200 82
0:0:0:0:0:0:0:1 - - [27/Mar/2016:19:20:28 +0200] "POST /FCISquareApp/app/getLastPositionOfUser HTTP/1.1" 500 8302
127.0.0.1 - - [27/Mar/2016:19:21:43 +0200] "POST /FCISquare/rest/getLocation HTTP/1.1" 200 82
0:0:0:0:0:0:0:1 - - [27/Mar/2016:19:21:43 +0200] "POST /FCISquareApp/app/getLastPositionOfUser HTTP/1.1" 500 8302
127.0.0.1 - - [27/Mar/2016:19:21:54 +0200] "POST /FCISquare/rest/login HTTP/1.1" 200 82
0:0:0:0:0:0:0:1 - - [27/Mar/2016:19:21:55 +0200] "POST /FCISquareApp/app/doLogin HTTP/1.1" 200 1151
127.0.0.1 - - [27/Mar/2016:19:21:56 +0200] "POST /FCISquare/rest/getLocation HTTP/1.1" 200 82
0:0:0:0:0:0:0:1 - - [27/Mar/2016:19:21:56 +0200] "POST /FCISquareApp/app/getLastPositionOfUser HTTP/1.1" 500 7759
127.0.0.1 - - [27/Mar/2016:19:22:42 +0200] "POST /FCISquare/rest/login HTTP/1.1" 200 82
0:0:0:0:0:0:0:1 - - [27/Mar/2016:19:22:42 +0200] "POST /FCISquareApp/app/doLogin HTTP/1.1" 200 1151
127.0.0.1 - - [27/Mar/2016:19:22:43 +0200] "POST /FCISquare/rest/getLocation HTTP/1.1" 200 82
0:0:0:0:0:0:0:1 - - [27/Mar/2016:19:22:43 +0200] "POST /FCISquareApp/app/getLastPositionOfUser HTTP/1.1" 500 7901
127.0.0.1 - - [27/Mar/2016:19:23:25 +0200] "GET / HTTP/1.1" 404 951
127.0.0.1 - - [27/Mar/2016:19:23:33 +0200] "POST /FCISquare/rest/getLocation HTTP/1.1" 200 82
0:0:0:0:0:0:0:1 - - [27/Mar/2016:19:23:33 +0200] "POST /FCISquareApp/app/getLastPositionOfUser HTTP/1.1" 500 7901
127.0.0.1 - - [27/Mar/2016:19:24:22 +0200] "POST /FCISquare/rest/login HTTP/1.1" 200 82
0:0:0:0:0:0:0:1 - - [27/Mar/2016:19:24:23 +0200] "POST /FCISquareApp/app/doLogin HTTP/1.1" 200 1151
127.0.0.1 - - [27/Mar/2016:19:24:24 +0200] "POST /FCISquare/rest/getLocation HTTP/1.1" 200 82
0:0:0:0:0:0:0:1 - - [27/Mar/2016:19:24:24 +0200] "POST /FCISquareApp/app/getLastPositionOfUser HTTP/1.1" 500 7759
127.0.0.1 - - [27/Mar/2016:19:26:39 +0200] "POST /FCISquare/rest/getLocation HTTP/1.1" 200 82
0:0:0:0:0:0:0:1 - - [27/Mar/2016:19:26:39 +0200] "POST /FCISquareApp/app/getLastPositionOfUser HTTP/1.1" 500 7759
127.0.0.1 - - [27/Mar/2016:19:26:56 +0200] "POST /FCISquare/rest/getLocation HTTP/1.1" 200 82
0:0:0:0:0:0:0:1 - - [27/Mar/2016:19:26:56 +0200] "POST /FCISquareApp/app/getLastPositionOfUser HTTP/1.1" 500 7759
127.0.0.1 - - [27/Mar/2016:19:27:21 +0200] "POST /FCISquare/rest/getLocation HTTP/1.1" 200 82
0:0:0:0:0:0:0:1 - - [27/Mar/2016:19:27:22 +0200] "POST /FCISquareApp/app/getLastPositionOfUser HTTP/1.1" 200 379
127.0.0.1 - - [27/Mar/2016:19:27:56 +0200] "POST /FCISquare/rest/getLocation HTTP/1.1" 200 82
0:0:0:0:0:0:0:1 - - [27/Mar/2016:19:27:56 +0200] "POST /FCISquareApp/app/getLastPositionOfUser HTTP/1.1" 200 357
127.0.0.1 - - [27/Mar/2016:22:18:03 +0200] "POST /FCISquare/rest/login HTTP/1.1" 500 4069
0:0:0:0:0:0:0:1 - - [27/Mar/2016:22:18:03 +0200] "POST /FCISquareApp/app/doLogin HTTP/1.1" 500 4221
