0:0:0:0:0:0:0:1 - - [22/Apr/2016:09:19:43 +0200] "GET /FCISquareApp/app/doLogin HTTP/1.1" 405 1013
0:0:0:0:0:0:0:1 - - [22/Apr/2016:09:19:49 +0200] "GET /FCISquareApp/app/Login HTTP/1.1" 200 467
127.0.0.1 - - [22/Apr/2016:09:19:52 +0200] "POST /FCISquare/rest/login HTTP/1.1" 200 103
0:0:0:0:0:0:0:1 - - [22/Apr/2016:09:19:52 +0200] "POST /FCISquareApp/app/doLogin HTTP/1.1" 200 1524
127.0.0.1 - - [22/Apr/2016:09:20:01 +0200] "POST /FCISquare/rest/homepage HTTP/1.1" 200 4837
0:0:0:0:0:0:0:1 - - [22/Apr/2016:09:20:01 +0200] "POST /FCISquareApp/app/dohomepage HTTP/1.1" 200 3123
0:0:0:0:0:0:0:1 - - [22/Apr/2016:09:20:08 +0200] "GET /FCISquareApp/app/placeclass/savenewplace HTTP/1.1" 404 967
0:0:0:0:0:0:0:1 - - [22/Apr/2016:09:20:11 +0200] "GET /FCISquareApp/app/placeclass/savenewplace HTTP/1.1" 404 967
127.0.0.1 - - [22/Apr/2016:09:57:19 +0200] "POST /FCISquare/rest/homepage HTTP/1.1" 200 4837
0:0:0:0:0:0:0:1 - - [22/Apr/2016:09:57:19 +0200] "POST /FCISquareApp/app/dohomepage HTTP/1.1" 200 3078
127.0.0.1 - - [22/Apr/2016:09:57:21 +0200] "POST /FCISquare/rest/homepage HTTP/1.1" 200 4837
0:0:0:0:0:0:0:1 - - [22/Apr/2016:09:57:21 +0200] "POST /FCISquareApp/app/dohomepage HTTP/1.1" 200 3078
0:0:0:0:0:0:0:1 - - [22/Apr/2016:09:57:23 +0200] "GET /FCISquareApp/app/ HTTP/1.1" 200 553
0:0:0:0:0:0:0:1 - - [22/Apr/2016:09:57:24 +0200] "GET /FCISquareApp/app/Login HTTP/1.1" 200 467
127.0.0.1 - - [22/Apr/2016:09:57:25 +0200] "POST /FCISquare/rest/login HTTP/1.1" 200 103
0:0:0:0:0:0:0:1 - - [22/Apr/2016:09:57:25 +0200] "POST /FCISquareApp/app/doLogin HTTP/1.1" 200 3123
127.0.0.1 - - [22/Apr/2016:09:57:29 +0200] "POST /FCISquare/rest/homepage HTTP/1.1" 200 4837
0:0:0:0:0:0:0:1 - - [22/Apr/2016:09:57:29 +0200] "POST /FCISquareApp/app/dohomepage HTTP/1.1" 200 3123
0:0:0:0:0:0:0:1 - - [22/Apr/2016:09:57:31 +0200] "GET /FCISquareApp/app/placeclass/savenewplace HTTP/1.1" 404 967
127.0.0.1 - - [22/Apr/2016:10:28:46 +0200] "GET / HTTP/1.1" 404 951
0:0:0:0:0:0:0:1 - - [22/Apr/2016:10:46:52 +0200] "GET /FCISquareApp/app/Login HTTP/1.1" 200 467
0:0:0:0:0:0:0:1 - - [22/Apr/2016:10:46:53 +0200] "GET /favicon.ico HTTP/1.1" 404 973
127.0.0.1 - - [22/Apr/2016:10:46:55 +0200] "POST /FCISquare/rest/login HTTP/1.1" 200 103
0:0:0:0:0:0:0:1 - - [22/Apr/2016:10:46:57 +0200] "POST /FCISquareApp/app/doLogin HTTP/1.1" 200 1534
127.0.0.1 - - [22/Apr/2016:10:47:06 +0200] "POST /FCISquare/rest/login HTTP/1.1" 200 82
0:0:0:0:0:0:0:1 - - [22/Apr/2016:10:47:06 +0200] "POST /FCISquareApp/app/doLogin HTTP/1.1" 200 1494
127.0.0.1 - - [22/Apr/2016:10:47:08 +0200] "POST /FCISquare/rest/homepage HTTP/1.1" 200 5243
0:0:0:0:0:0:0:1 - - [22/Apr/2016:10:47:08 +0200] "POST /FCISquareApp/app/dohomepage HTTP/1.1" 200 3206
0:0:0:0:0:0:0:1 - - [22/Apr/2016:10:47:21 +0200] "GET /FCISquareApp/app/placeclass/savenewplace HTTP/1.1" 404 967
0:0:0:0:0:0:0:1 - - [22/Apr/2016:10:47:25 +0200] "GET /FCISquareApp/app/follow HTTP/1.1" 200 565
0:0:0:0:0:0:0:1 - - [22/Apr/2016:10:47:27 +0200] "GET /FCISquareApp/app/ HTTP/1.1" 200 553
0:0:0:0:0:0:0:1 - - [22/Apr/2016:10:47:31 +0200] "GET /FCISquareApp/app/ HTTP/1.1" 200 553
0:0:0:0:0:0:0:1 - - [22/Apr/2016:10:47:32 +0200] "GET /FCISquareApp/app/Login HTTP/1.1" 200 467
127.0.0.1 - - [22/Apr/2016:10:47:34 +0200] "POST /FCISquare/rest/login HTTP/1.1" 200 82
0:0:0:0:0:0:0:1 - - [22/Apr/2016:10:47:34 +0200] "POST /FCISquareApp/app/doLogin HTTP/1.1" 200 3206
0:0:0:0:0:0:0:1 - - [22/Apr/2016:10:47:36 +0200] "GET /FCISquareApp/app/unfollow HTTP/1.1" 200 520
0:0:0:0:0:0:0:1 - - [22/Apr/2016:10:47:38 +0200] "GET /FCISquareApp/app/follow HTTP/1.1" 200 565
0:0:0:0:0:0:0:1 - - [22/Apr/2016:10:47:40 +0200] "GET /FCISquareApp/app/showLocation HTTP/1.1" 200 1876
0:0:0:0:0:0:0:1 - - [22/Apr/2016:10:47:43 +0200] "GET /FCISquareApp/app/placeclass/addnewplace HTTP/1.1" 200 597
0:0:0:0:0:0:0:1 - - [22/Apr/2016:10:47:45 +0200] "GET /FCISquareApp/app/checkinClass/checkin HTTP/1.1" 200 638
0:0:0:0:0:0:0:1 - - [22/Apr/2016:10:47:47 +0200] "GET /FCISquareApp/app/placeclass/savenewplace HTTP/1.1" 404 967
127.0.0.1 - - [22/Apr/2016:10:56:18 +0200] "POST /FCISquare/rest/login HTTP/1.1" 200 82
0:0:0:0:0:0:0:1 - - [22/Apr/2016:10:56:19 +0200] "POST /FCISquareApp/app/doLogin HTTP/1.1" 500 10546
127.0.0.1 - - [22/Apr/2016:10:56:22 +0200] "POST /FCISquare/rest/login HTTP/1.1" 200 82
0:0:0:0:0:0:0:1 - - [22/Apr/2016:10:56:22 +0200] "POST /FCISquareApp/app/doLogin HTTP/1.1" 500 12728
127.0.0.1 - - [22/Apr/2016:10:56:49 +0200] "GET / HTTP/1.1" 404 951
127.0.0.1 - - [22/Apr/2016:10:56:54 +0200] "POST /FCISquare/rest/login HTTP/1.1" 200 82
0:0:0:0:0:0:0:1 - - [22/Apr/2016:10:56:56 +0200] "POST /FCISquareApp/app/doLogin HTTP/1.1" 200 2331
127.0.0.1 - - [22/Apr/2016:10:57:54 +0200] "POST /FCISquare/rest/login HTTP/1.1" 200 82
0:0:0:0:0:0:0:1 - - [22/Apr/2016:10:57:54 +0200] "POST /FCISquareApp/app/doLogin HTTP/1.1" 200 3279
127.0.0.1 - - [22/Apr/2016:10:58:08 +0200] "POST /FCISquare/rest/homepage HTTP/1.1" 200 5243
0:0:0:0:0:0:0:1 - - [22/Apr/2016:10:58:08 +0200] "POST /FCISquareApp/app/dohomepage HTTP/1.1" 200 3279
0:0:0:0:0:0:0:1 - - [22/Apr/2016:10:58:10 +0200] "GET /FCISquareApp/app/placeclass/savenewplace HTTP/1.1" 404 967
0:0:0:0:0:0:0:1 - - [22/Apr/2016:10:58:46 +0200] "GET /FCISquareApp/app/placeclass/savenewplace HTTP/1.1" 404 967
0:0:0:0:0:0:0:1 - - [22/Apr/2016:10:58:49 +0200] "GET /FCISquareApp/app/placeclass/savenewplace HTTP/1.1" 404 967
127.0.0.1 - - [22/Apr/2016:10:59:03 +0200] "GET / HTTP/1.1" 404 951
127.0.0.1 - - [22/Apr/2016:10:59:07 +0200] "POST /FCISquare/rest/homepage HTTP/1.1" 200 5243
0:0:0:0:0:0:0:1 - - [22/Apr/2016:10:59:07 +0200] "POST /FCISquareApp/app/dohomepage HTTP/1.1" 200 3279
0:0:0:0:0:0:0:1 - - [22/Apr/2016:10:59:09 +0200] "GET /FCISquareApp/app/placeclass/savenewplace HTTP/1.1" 200 505
127.0.0.1 - - [22/Apr/2016:11:00:26 +0200] "POST /FCISquare/rest/savenewplace HTTP/1.1" 200 11
0:0:0:0:0:0:0:1 - - [22/Apr/2016:11:00:26 +0200] "POST /FCISquareApp/app/placeclass/doSavingPlace HTTP/1.1" 204 -
127.0.0.1 - - [22/Apr/2016:11:00:28 +0200] "POST /FCISquare/rest/savenewplace HTTP/1.1" 200 11
0:0:0:0:0:0:0:1 - - [22/Apr/2016:11:00:28 +0200] "POST /FCISquareApp/app/placeclass/doSavingPlace HTTP/1.1" 204 -
0:0:0:0:0:0:0:1 - - [22/Apr/2016:11:02:00 +0200] "GET /FCISquareApp/app/signUp HTTP/1.1" 200 509
127.0.0.1 - - [22/Apr/2016:11:02:18 +0200] "POST /FCISquare/rest/signup HTTP/1.1" 200 104
0:0:0:0:0:0:0:1 - - [22/Apr/2016:11:02:18 +0200] "POST /FCISquareApp/app/doSignUp HTTP/1.1" 200 3383
0:0:0:0:0:0:0:1 - - [22/Apr/2016:11:02:55 +0200] "GET /FCISquareApp/app/checkinClass/checkin HTTP/1.1" 200 653
127.0.0.1 - - [22/Apr/2016:11:03:09 +0200] "POST /FCISquare/rest/checkin HTTP/1.1" 200 94
0:0:0:0:0:0:0:1 - - [22/Apr/2016:11:03:09 +0200] "POST /FCISquareApp/app/checkinClass/docheckin HTTP/1.1" 200 653
0:0:0:0:0:0:0:1 - - [22/Apr/2016:11:03:12 +0200] "GET /FCISquareApp/app/home.jsp HTTP/1.1" 404 967
127.0.0.1 - - [22/Apr/2016:11:03:19 +0200] "POST /FCISquare/rest/signup HTTP/1.1" 200 104
0:0:0:0:0:0:0:1 - - [22/Apr/2016:11:03:19 +0200] "POST /FCISquareApp/app/doSignUp HTTP/1.1" 200 2520
127.0.0.1 - - [22/Apr/2016:11:03:21 +0200] "POST /FCISquare/rest/homepage HTTP/1.1" 200 108
0:0:0:0:0:0:0:1 - - [22/Apr/2016:11:03:21 +0200] "POST /FCISquareApp/app/dohomepage HTTP/1.1" 200 1637
127.0.0.1 - - [22/Apr/2016:11:04:09 +0200] "POST /FCISquare/rest/homepage HTTP/1.1" 200 108
0:0:0:0:0:0:0:1 - - [22/Apr/2016:11:04:09 +0200] "POST /FCISquareApp/app/dohomepage HTTP/1.1" 200 1637
0:0:0:0:0:0:0:1 - - [22/Apr/2016:11:04:11 +0200] "GET /FCISquareApp/app/checkinClass/checkin HTTP/1.1" 200 653
127.0.0.1 - - [22/Apr/2016:11:04:26 +0200] "POST /FCISquare/rest/checkin HTTP/1.1" 200 109
0:0:0:0:0:0:0:1 - - [22/Apr/2016:11:04:26 +0200] "POST /FCISquareApp/app/checkinClass/docheckin HTTP/1.1" 200 653
127.0.0.1 - - [22/Apr/2016:11:04:30 +0200] "POST /FCISquare/rest/homepage HTTP/1.1" 200 230
0:0:0:0:0:0:0:1 - - [22/Apr/2016:11:04:30 +0200] "POST /FCISquareApp/app/dohomepage HTTP/1.1" 200 1675
0:0:0:0:0:0:0:1 - - [22/Apr/2016:11:05:23 +0200] "GET /FCISquareApp/app/ HTTP/1.1" 200 553
0:0:0:0:0:0:0:1 - - [22/Apr/2016:11:05:24 +0200] "GET /FCISquareApp/app/Login HTTP/1.1" 200 467
127.0.0.1 - - [22/Apr/2016:11:05:26 +0200] "POST /FCISquare/rest/login HTTP/1.1" 200 82
0:0:0:0:0:0:0:1 - - [22/Apr/2016:11:05:26 +0200] "POST /FCISquareApp/app/doLogin HTTP/1.1" 200 1620
0:0:0:0:0:0:0:1 - - [22/Apr/2016:11:05:29 +0200] "GET /FCISquareApp/app/follow HTTP/1.1" 200 565
127.0.0.1 - - [22/Apr/2016:11:05:37 +0200] "POST /FCISquare/rest/follow HTTP/1.1" 500 4022
0:0:0:0:0:0:0:1 - - [22/Apr/2016:11:05:37 +0200] "POST /FCISquareApp/app/dofollow HTTP/1.1" 500 4217
127.0.0.1 - - [22/Apr/2016:11:05:42 +0200] "POST /FCISquare/rest/follow HTTP/1.1" 500 4022
0:0:0:0:0:0:0:1 - - [22/Apr/2016:11:05:42 +0200] "POST /FCISquareApp/app/dofollow HTTP/1.1" 500 4217
127.0.0.1 - - [22/Apr/2016:11:05:55 +0200] "POST /FCISquare/rest/homepage HTTP/1.1" 200 230
0:0:0:0:0:0:0:1 - - [22/Apr/2016:11:05:55 +0200] "POST /FCISquareApp/app/dohomepage HTTP/1.1" 200 1620
0:0:0:0:0:0:0:1 - - [22/Apr/2016:15:29:50 +0200] "GET /FCISquareApp/app/ HTTP/1.1" 200 553
0:0:0:0:0:0:0:1 - - [22/Apr/2016:15:29:55 +0200] "GET /FCISquareApp/app/Login HTTP/1.1" 200 467
127.0.0.1 - - [22/Apr/2016:15:29:58 +0200] "POST /FCISquare/rest/login HTTP/1.1" 200 82
0:0:0:0:0:0:0:1 - - [22/Apr/2016:15:29:58 +0200] "POST /FCISquareApp/app/doLogin HTTP/1.1" 200 1567
127.0.0.1 - - [22/Apr/2016:15:31:37 +0200] "POST /FCISquare/rest/getfollowers HTTP/1.1" 200 180
0:0:0:0:0:0:0:1 - - [22/Apr/2016:15:31:37 +0200] "POST /FCISquareApp/app/doGetFollowers HTTP/1.1" 200 513
127.0.0.1 - - [22/Apr/2016:15:32:50 +0200] "POST /FCISquare/rest/homepage HTTP/1.1" 200 5243
0:0:0:0:0:0:0:1 - - [22/Apr/2016:15:32:50 +0200] "POST /FCISquareApp/app/dohomepage HTTP/1.1" 200 3279
0:0:0:0:0:0:0:1 - - [22/Apr/2016:15:33:49 +0200] "GET /FCISquareApp/app/showLocation HTTP/1.1" 200 1876
127.0.0.1 - - [22/Apr/2016:15:34:06 +0200] "POST /FCISquare/rest/getLocation HTTP/1.1" 200 82
0:0:0:0:0:0:0:1 - - [22/Apr/2016:15:34:06 +0200] "POST /FCISquareApp/app/getLastPositionOfUser HTTP/1.1" 200 352
0:0:0:0:0:0:0:1 - - [22/Apr/2016:16:17:43 +0200] "GET /FCISquareApp/app/checkinClass/checkin HTTP/1.1" 200 638
0:0:0:0:0:0:0:1 - - [22/Apr/2016:16:17:47 +0200] "GET /FCISquareApp/app/placeclass/addnewplace HTTP/1.1" 200 597
0:0:0:0:0:0:0:1 - - [22/Apr/2016:16:17:50 +0200] "GET /FCISquareApp/app/placeclass/savenewplace HTTP/1.1" 200 507
127.0.0.1 - - [22/Apr/2016:16:17:51 +0200] "POST /FCISquare/rest/savenewplace HTTP/1.1" 500 4029
0:0:0:0:0:0:0:1 - - [22/Apr/2016:16:17:51 +0200] "POST /FCISquareApp/app/placeclass/doSavingPlace HTTP/1.1" 200 1562
0:0:0:0:0:0:0:1 - - [22/Apr/2016:16:17:55 +0200] "GET /FCISquareApp/app/placeclass/savenewplace HTTP/1.1" 200 507
127.0.0.1 - - [22/Apr/2016:16:17:57 +0200] "POST /FCISquare/rest/savenewplace HTTP/1.1" 500 4029
0:0:0:0:0:0:0:1 - - [22/Apr/2016:16:17:57 +0200] "POST /FCISquareApp/app/placeclass/doSavingPlace HTTP/1.1" 200 1562
0:0:0:0:0:0:0:1 - - [22/Apr/2016:16:17:59 +0200] "GET /FCISquareApp/app/placeclass/savenewplace HTTP/1.1" 200 507
127.0.0.1 - - [22/Apr/2016:16:18:06 +0200] "POST /FCISquare/rest/savenewplace HTTP/1.1" 500 4029
0:0:0:0:0:0:0:1 - - [22/Apr/2016:16:18:06 +0200] "POST /FCISquareApp/app/placeclass/doSavingPlace HTTP/1.1" 200 1562
0:0:0:0:0:0:0:1 - - [22/Apr/2016:16:18:27 +0200] "GET /FCISquareApp/app/ HTTP/1.1" 200 553
0:0:0:0:0:0:0:1 - - [22/Apr/2016:16:18:29 +0200] "GET /FCISquareApp/app/Login HTTP/1.1" 200 467
127.0.0.1 - - [22/Apr/2016:16:18:30 +0200] "POST /FCISquare/rest/login HTTP/1.1" 200 82
0:0:0:0:0:0:0:1 - - [22/Apr/2016:16:18:30 +0200] "POST /FCISquareApp/app/doLogin HTTP/1.1" 200 1567
0:0:0:0:0:0:0:1 - - [22/Apr/2016:16:28:52 +0200] "GET /FCISquareApp/app/placeclass/savenewplace HTTP/1.1" 200 507
127.0.0.1 - - [22/Apr/2016:16:28:54 +0200] "POST /FCISquare/rest/savenewplace HTTP/1.1" 200 11
0:0:0:0:0:0:0:1 - - [22/Apr/2016:16:28:54 +0200] "POST /FCISquareApp/app/placeclass/doSavingPlace HTTP/1.1" 200 1578
